Archive member included because of file (symbol)

D:/SiliconLabs/SimplicityStudio/v4/developer/sdks/gecko_sdk_suite/v1.1//protocol/bluetooth_2.4/lib/EFR32BG1B/GCC/bgapi.a(gecko_bgapi_hardware.c.obj)
                              ./main.o (gecko_bgapi_class_hardware_init)
D:/SiliconLabs/SimplicityStudio/v4/developer/sdks/gecko_sdk_suite/v1.1//protocol/bluetooth_2.4/lib/EFR32BG1B/GCC/bgapi.a(gecko_bgapi_test.c.obj)
                              ./main.o (gecko_bgapi_class_test_init)
D:/SiliconLabs/SimplicityStudio/v4/developer/sdks/gecko_sdk_suite/v1.1//protocol/bluetooth_2.4/lib/EFR32BG1B/GCC/bgapi.a(gecko_bgapi_dfu.c.obj)
                              ./main.o (gecko_bgapi_class_dfu_init)
D:/SiliconLabs/SimplicityStudio/v4/developer/sdks/gecko_sdk_suite/v1.1//protocol/bluetooth_2.4/lib/EFR32BG1B/GCC/bgapi.a(gecko_bgapi_gap.c.obj)
                              ./main.o (gecko_bgapi_class_le_gap_init)
D:/SiliconLabs/SimplicityStudio/v4/developer/sdks/gecko_sdk_suite/v1.1//protocol/bluetooth_2.4/lib/EFR32BG1B/GCC/bgapi.a(gecko_bgapi_gatt.c.obj)
                              ./main.o (gecko_bgapi_class_gatt_init)
D:/SiliconLabs/SimplicityStudio/v4/developer/sdks/gecko_sdk_suite/v1.1//protocol/bluetooth_2.4/lib/EFR32BG1B/GCC/bgapi.a(gecko_bgapi_gatt_server.c.obj)
                              ./main.o (gecko_bgapi_class_gatt_server_init)
D:/SiliconLabs/SimplicityStudio/v4/developer/sdks/gecko_sdk_suite/v1.1//protocol/bluetooth_2.4/lib/EFR32BG1B/GCC/bgapi.a(gecko_bgapi_flash.c.obj)
                              ./main.o (gecko_bgapi_class_flash_init)
D:/SiliconLabs/SimplicityStudio/v4/developer/sdks/gecko_sdk_suite/v1.1//protocol/bluetooth_2.4/lib/EFR32BG1B/GCC/bgapi.a(gecko_bgapi_sm.c.obj)
                              ./main.o (gecko_bgapi_class_sm_init)
D:/SiliconLabs/SimplicityStudio/v4/developer/sdks/gecko_sdk_suite/v1.1//protocol/bluetooth_2.4/lib/EFR32BG1B/GCC/bgapi.a(gecko_bgapi_system.c.obj)
                              ./main.o (gecko_bgapi_class_system_init)
D:/SiliconLabs/SimplicityStudio/v4/developer/sdks/gecko_sdk_suite/v1.1//protocol/bluetooth_2.4/lib/EFR32BG1B/GCC/bgapi.a(gecko_bgapi_endpoint.c.obj)
                              ./main.o (gecko_bgapi_class_endpoint_init)
D:/SiliconLabs/SimplicityStudio/v4/developer/sdks/gecko_sdk_suite/v1.1//protocol/bluetooth_2.4/lib/EFR32BG1B/GCC/bgapi.a(gecko_bgapi_le_connection.c.obj)
                              ./main.o (gecko_bgapi_class_le_connection_init)
D:/SiliconLabs/SimplicityStudio/v4/developer/sdks/gecko_sdk_suite/v1.1//protocol/bluetooth_2.4/lib/EFR32BG1B/GCC/bgapi.a(bgapi_hardware.c.obj)
                              D:/SiliconLabs/SimplicityStudio/v4/developer/sdks/gecko_sdk_suite/v1.1//protocol/bluetooth_2.4/lib/EFR32BG1B/GCC/bgapi.a(gecko_bgapi_hardware.c.obj) (lib_hardware_handler_init)
D:/SiliconLabs/SimplicityStudio/v4/developer/sdks/gecko_sdk_suite/v1.1//protocol/bluetooth_2.4/lib/EFR32BG1B/GCC/bgapi.a(bgapi_test_lib.c.obj)
                              D:/SiliconLabs/SimplicityStudio/v4/developer/sdks/gecko_sdk_suite/v1.1//protocol/bluetooth_2.4/lib/EFR32BG1B/GCC/bgapi.a(gecko_bgapi_test.c.obj) (lib_test_handler_init)
D:/SiliconLabs/SimplicityStudio/v4/developer/sdks/gecko_sdk_suite/v1.1//protocol/bluetooth_2.4/lib/EFR32BG1B/GCC/bgapi.a(bgapi_dfu.c.obj)
                              D:/SiliconLabs/SimplicityStudio/v4/developer/sdks/gecko_sdk_suite/v1.1//protocol/bluetooth_2.4/lib/EFR32BG1B/GCC/bgapi.a(gecko_bgapi_dfu.c.obj) (lib_dfu_handler_init)
D:/SiliconLabs/SimplicityStudio/v4/developer/sdks/gecko_sdk_suite/v1.1//protocol/bluetooth_2.4/lib/EFR32BG1B/GCC/bgapi.a(bgapi_gap.c.obj)
                              D:/SiliconLabs/SimplicityStudio/v4/developer/sdks/gecko_sdk_suite/v1.1//protocol/bluetooth_2.4/lib/EFR32BG1B/GCC/bgapi.a(gecko_bgapi_gap.c.obj) (lib_le_gap_handler_init)
D:/SiliconLabs/SimplicityStudio/v4/developer/sdks/gecko_sdk_suite/v1.1//protocol/bluetooth_2.4/lib/EFR32BG1B/GCC/bgapi.a(bgapi_gatt_lib.c.obj)
                              D:/SiliconLabs/SimplicityStudio/v4/developer/sdks/gecko_sdk_suite/v1.1//protocol/bluetooth_2.4/lib/EFR32BG1B/GCC/bgapi.a(gecko_bgapi_gatt.c.obj) (lib_gatt_handler_init)
D:/SiliconLabs/SimplicityStudio/v4/developer/sdks/gecko_sdk_suite/v1.1//protocol/bluetooth_2.4/lib/EFR32BG1B/GCC/bgapi.a(bgapi_ps.c.obj)
                              D:/SiliconLabs/SimplicityStudio/v4/developer/sdks/gecko_sdk_suite/v1.1//protocol/bluetooth_2.4/lib/EFR32BG1B/GCC/bgapi.a(gecko_bgapi_flash.c.obj) (lib_flash_handler_init)
D:/SiliconLabs/SimplicityStudio/v4/developer/sdks/gecko_sdk_suite/v1.1//protocol/bluetooth_2.4/lib/EFR32BG1B/GCC/bgapi.a(bgapi_sm.c.obj)
                              D:/SiliconLabs/SimplicityStudio/v4/developer/sdks/gecko_sdk_suite/v1.1//protocol/bluetooth_2.4/lib/EFR32BG1B/GCC/bgapi.a(gecko_bgapi_sm.c.obj) (lib_sm_handler_init)
D:/SiliconLabs/SimplicityStudio/v4/developer/sdks/gecko_sdk_suite/v1.1//protocol/bluetooth_2.4/lib/EFR32BG1B/GCC/bgapi.a(bgapi_system.c.obj)
[...]
Memory Configuration

Name             Origin             Length             Attributes
FLASH_BOOTLOADER 0x00000000         0x00004000         xr
FLASH            0x00004000         0x0003b000         xr
RAM              0x20003000         0x00004bfc         xrw
*default*        0x00000000         0xffffffff

Linker script and memory map

LOAD d:/siliconlabs/simplicitystudio/v4/developer/toolchains/gnu_arm/4.9_2015q3/bin/../lib/gcc/arm-none-eabi/4.9.3/armv7e-m/fpu/crti.o
LOAD d:/siliconlabs/simplicitystudio/v4/developer/toolchains/gnu_arm/4.9_2015q3/bin/../lib/gcc/arm-none-eabi/4.9.3/armv7e-m/fpu/crtbegin.o
LOAD d:/siliconlabs/simplicitystudio/v4/developer/toolchains/gnu_arm/4.9_2015q3/bin/../lib/gcc/arm-none-eabi/4.9.3/../../../../arm-none-eabi/lib/armv7e-m/fpu/crt0.o
LOAD ./application_properties.o
LOAD ./gatt_db.o
LOAD ./main.o
LOAD ./bgapi/dmadrv.o
LOAD ./bgapi/em_adc.o
LOAD ./bgapi/em_ldma.o
LOAD ./bgapi/em_leuart.o
LOAD ./device/EFR32_B_1_1_B/gcc/startup_efr32bg1b.o
LOAD ./emlib/em_acmp.o
LOAD ./emlib/em_aes.o
LOAD ./emlib/em_assert.o
LOAD ./emlib/em_burtc.o
LOAD ./emlib/em_can.o
LOAD ./emlib/em_cmu.o
LOAD ./emlib/em_cryotimer.o
LOAD ./emlib/em_crypto.o
LOAD ./emlib/em_csen.o
LOAD ./emlib/em_dac.o
LOAD ./emlib/em_dbg.o
LOAD ./emlib/em_dma.o
LOAD ./emlib/em_ebi.o
LOAD ./emlib/em_gpcrc.o
LOAD ./emlib/em_gpio.o
LOAD ./emlib/em_i2c.o
LOAD ./emlib/em_idac.o
LOAD ./emlib/em_lcd.o
LOAD ./emlib/em_lesense.o
LOAD ./emlib/em_letimer.o
LOAD ./emlib/em_mpu.o
LOAD ./emlib/em_msc.o
LOAD ./emlib/em_opamp.o
LOAD ./emlib/em_pcnt.o
LOAD ./emlib/em_prs.o
LOAD ./emlib/em_qspi.o
LOAD ./emlib/em_rmu.o
LOAD ./emlib/em_rtc.o
LOAD ./emlib/em_rtcc.o
LOAD ./emlib/em_system.o
LOAD ./emlib/em_timer.o
LOAD ./emlib/em_usart.o
LOAD ./emlib/em_vcmp.o
LOAD ./emlib/em_vdac.o
LOAD ./emlib/em_wdog.o
LOAD ./kit_flashpwr/BRD4302A/mx25flash_spi.o
LOAD ./src/ADC.o
LOAD ./src/InitDevice.o
LOAD ./src/cmu.o
LOAD ./src/gpio.o
LOAD ./src/letimer.o
LOAD ./src/sleep.o
LOAD D:/SiliconLabs/SimplicityStudio/v4/developer/sdks/gecko_sdk_suite/v1.1//protocol/bluetooth_2.4/lib/EFR32BG1B/EABI/stack.a
LOAD D:/SiliconLabs/SimplicityStudio/v4/developer/sdks/gecko_sdk_suite/v1.1//protocol/bluetooth_2.4/lib/EFR32BG1B/EABI/binstack.o
LOAD D:/SiliconLabs/SimplicityStudio/v4/developer/sdks/gecko_sdk_suite/v1.1//protocol/bluetooth_2.4/lib/EFR32BG1B/EABI/binbootloader.o
LOAD D:/SiliconLabs/SimplicityStudio/v4/developer/sdks/gecko_sdk_suite/v1.1//protocol/bluetooth_2.4/lib/EFR32BG1B/GCC/bgapi.a
LOAD d:/siliconlabs/simplicitystudio/v4/developer/toolchains/gnu_arm/4.9_2015q3/bin/../lib/gcc/arm-none-eabi/4.9.3/../../../../arm-none-eabi/lib/armv7e-m/fpu\libm.a
START GROUP
LOAD d:/siliconlabs/simplicitystudio/v4/developer/toolchains/gnu_arm/4.9_2015q3/bin/../lib/gcc/arm-none-eabi/4.9.3/armv7e-m/fpu\libgcc.a
LOAD d:/siliconlabs/simplicitystudio/v4/developer/toolchains/gnu_arm/4.9_2015q3/bin/../lib/gcc/arm-none-eabi/4.9.3/../../../../arm-none-eabi/lib/armv7e-m/fpu\libc.a
LOAD d:/siliconlabs/simplicitystudio/v4/developer/toolchains/gnu_arm/4.9_2015q3/bin/../lib/gcc/arm-none-eabi/4.9.3/../../../../arm-none-eabi/lib/armv7e-m/fpu\libnosys.a
END GROUP
START GROUP
LOAD d:/siliconlabs/simplicitystudio/v4/developer/toolchains/gnu_arm/4.9_2015q3/bin/../lib/gcc/arm-none-eabi/4.9.3/armv7e-m/fpu\libgcc.a
LOAD d:/siliconlabs/simplicitystudio/v4/developer/toolchains/gnu_arm/4.9_2015q3/bin/../lib/gcc/arm-none-eabi/4.9.3/../../../../arm-none-eabi/lib/armv7e-m/fpu\libg.a
LOAD d:/siliconlabs/simplicitystudio/v4/developer/toolchains/gnu_arm/4.9_2015q3/bin/../lib/gcc/arm-none-eabi/4.9.3/../../../../arm-none-eabi/lib/armv7e-m/fpu\libc.a
END GROUP
LOAD d:/siliconlabs/simplicitystudio/v4/developer/toolchains/gnu_arm/4.9_2015q3/bin/../lib/gcc/arm-none-eabi/4.9.3/armv7e-m/fpu/crtend.o
LOAD d:/siliconlabs/simplicitystudio/v4/developer/toolchains/gnu_arm/4.9_2015q3/bin/../lib/gcc/arm-none-eabi/4.9.3/armv7e-m/fpu/crtn.o

.text_bootloader
                0x00000000     0x4000
 *(.binbootloader*)
 .binbootloader
                0x00000000      0x31c D:/SiliconLabs/SimplicityStudio/v4/developer/sdks/gecko_sdk_suite/v1.1//protocol/bluetooth_2.4/lib/EFR32BG1B/EABI/binbootloader.o
                0x00004000                . = ALIGN (0x4000)
 *fill*         0x0000031c     0x3ce4 

.text_stack_bin
                0x00004000    0x1cee3
 *(.binstack*)
 .binstack      0x00004000    0x1cee3 D:/SiliconLabs/SimplicityStudio/v4/developer/sdks/gecko_sdk_suite/v1.1//protocol/bluetooth_2.4/lib/EFR32BG1B/EABI/binstack.o

.text_signature
                0x00020ee3      0x11d
                0x00020f23                . = (. + 0x40)
 *fill*         0x00020ee3       0x40 
                0x00021000                . = ALIGN (0x800)
 *fill*         0x00020f23       0xdd 
                0x00021000                __text_start__ = .

.text_app       0x00021000     0x78e0
 *(.AAT)
 .AAT           0x00021000       0x80 ./main.o
                0x00021000                AppAddressTable
 *(.vectors)
 .vectors       0x00021080       0xc8 ./device/EFR32_B_1_1_B/gcc/startup_efr32bg1b.o
                0x00021080                __Vectors
                0x00021148                __Vectors_End = .
                0x000000c8                __Vectors_Size = (__Vectors_End - __Vectors)
                0x00021148                __end__ = .
 *(.gecko_configuration)
 *(.xo_configuration)
 *(.gatt_header)
 .gatt_header   0x00021148       0x34 ./gatt_db.o
                0x00021148                bg_gattdb_data
 *(.gatt_data)
 .gatt_data     0x0002117c      0x1d5 ./gatt_db.o
                0x0002117c                bg_gattdb_data_uuidtable_16_map
                0x00021198                bg_gattdb_data_uuidtable_128_map
                0x000211b8                bg_gattdb_data_attribute_field_18
                0x000211c0                bg_gattdb_data_attribute_field_17
                0x000211d8                bg_gattdb_data_attribute_field_16
                0x000211ec                bg_gattdb_data_attribute_field_15
                0x000211f4                bg_gattdb_data_attribute_field_14
                0x000211fc                bg_gattdb_data_attribute_field_13
                0x00021208                bg_gattdb_data_attribute_field_12
                0x00021210                bg_gattdb_data_attribute_field_11
                0x00021220                bg_gattdb_data_attribute_field_10
                0x00021228                bg_gattdb_data_attribute_field_9
                0x0002122c                bg_gattdb_data_attribute_field_8
                0x00021230                bg_gattdb_data_attribute_field_7
                0x00021238                bg_gattdb_data_attribute_field_6
                0x00021240                bg_gattdb_data_attribute_field_5
                0x00021248                bg_gattdb_data_attribute_field_4
                0x0002124c                bg_gattdb_data_attribute_field_2
                0x00021254                bg_gattdb_data_attribute_field_1
                0x0002125c                bg_gattdb_data_attribute_field_0
                0x00021260                bg_gattdb_data_attributes_map
                0x00021344                bg_gattdb_data_attributes_dynamic_mapping_map
                0x0002134c                bg_gattdb_data_adv_uuid16_map
                0x00021350                bg_gattdb_data_adv_uuid128_map
 *(.application_properties)
 *fill*         0x00021351        0x3 
 .application_properties
                0x00021354       0x38 ./application_properties.o
                0x00021354                applicationProperties
 *(.text*)
 .text          0x0002138c       0x5c d:/siliconlabs/simplicitystudio/v4/developer/toolchains/gnu_arm/4.9_2015q3/bin/../lib/gcc/arm-none-eabi/4.9.3/armv7e-m/fpu/crtbegin.o
 .text          0x000213e8       0x74 d:/siliconlabs/simplicitystudio/v4/developer/toolchains/gnu_arm/4.9_2015q3/bin/../lib/gcc/arm-none-eabi/4.9.3/../../../../arm-none-eabi/lib/armv7e-m/fpu/crt0.o
                0x000213e8                _start
                0x000213e8                _mainCRTStartup
 .text.gecko_init
                0x0002145c       0x40 ./main.o
 .text.main     0x0002149c       0x80 ./main.o
                0x0002149c                main
 .text.LDMA_IRQHandler
                0x0002151c       0xe0 ./bgapi/dmadrv.o
                0x0002151c                LDMA_IRQHandler
 .text.ADC_IntClear
                0x000215fc       0x1c ./bgapi/em_adc.o
 .text.BUS_RegBitWrite
                0x00021618       0x2c ./bgapi/em_adc.o
 .text.BUS_RegMaskedSet
                0x00021644       0x24 ./bgapi/em_adc.o
 .text.BUS_RegMaskedClear
                0x00021668       0x24 ./bgapi/em_adc.o
 .text.BUS_RegMaskedWrite
                0x0002168c       0x24 ./bgapi/em_adc.o
 .text.ADC_LoadDevinfoCal
                0x000216b0      0x1b8 ./bgapi/em_adc.o
 .text.ADC_Init
                0x00021868       0x90 ./bgapi/em_adc.o
                0x00021868                ADC_Init
 .text.ADC_InitSingle
                0x000218f8      0x150 ./bgapi/em_adc.o
                0x000218f8                ADC_InitSingle
 .text.ADC_PrescaleCalc
                0x00021a48       0x64 ./bgapi/em_adc.o
                0x00021a48                ADC_PrescaleCalc
 .text.ADC_TimebaseCalc
                0x00021aac       0x50 ./bgapi/em_adc.o
                0x00021aac                ADC_TimebaseCalc
 .text.Reset_Handler
                0x00021afc       0x38 ./device/EFR32_B_1_1_B/gcc/startup_efr32bg1b.o
                0x00021afc                Reset_Handler
 .text.Default_Handler
                0x00021b34        0x8 ./device/EFR32_B_1_1_B/gcc/startup_efr32bg1b.o
                0x00021b34                DebugMon_Handler
                0x00021b34                USART0_TX_IRQHandler
                0x00021b34                I2C0_IRQHandler
                0x00021b34                HardFault_Handler
                0x00021b34                SysTick_Handler
                0x00021b34                USART1_RX_IRQHandler
                0x00021b34                PendSV_Handler
                0x00021b34                NMI_Handler
                0x00021b34                SYNTH_IRQHandler
                0x00021b34                WDOG0_IRQHandler
                0x00021b34                USART1_TX_IRQHandler
                0x00021b34                MSC_IRQHandler
                0x00021b34                UsageFault_Handler
                0x00021b34                LEUART0_IRQHandler
                0x00021b34                FPUEH_IRQHandler
                0x00021b34                GPIO_EVEN_IRQHandler
                0x00021b34                TIMER0_IRQHandler
                0x00021b34                TIMER1_IRQHandler
                0x00021b34                RFSENSE_IRQHandler
                0x00021b34                BUFC_IRQHandler
                0x00021b34                MODEM_IRQHandler
                0x00021b34                Default_Handler
                0x00021b34                RAC_SEQ_IRQHandler
                0x00021b34                FRC_PRI_IRQHandler
                0x00021b34                FRC_IRQHandler
                0x00021b34                CRYOTIMER_IRQHandler
                0x00021b34                PCNT0_IRQHandler
                0x00021b34                AGC_IRQHandler
                0x00021b34                ACMP0_IRQHandler
                0x00021b34                USART0_RX_IRQHandler
                0x00021b34                MemManage_Handler
                0x00021b34                SVC_Handler
                0x00021b34                RTCC_IRQHandler
                0x00021b34                CRYPTO_IRQHandler
                0x00021b34                CMU_IRQHandler
                0x00021b34                RAC_RSM_IRQHandler
                0x00021b34                GPIO_ODD_IRQHandler
                0x00021b34                PROTIMER_IRQHandler
                0x00021b34                BusFault_Handler
                0x00021b34                IDAC0_IRQHandler
 .text.BUS_RegBitWrite
                0x00021b3c       0x2c ./emlib/em_cmu.o
 .text.BUS_RegBitRead
                0x00021b68       0x2c ./emlib/em_cmu.o
 .text.BUS_RegMaskedSet
                0x00021b94       0x24 ./emlib/em_cmu.o
 .text.BUS_RegMaskedClear
                0x00021bb8       0x24 ./emlib/em_cmu.o
 .text.BUS_RegMaskedWrite
                0x00021bdc       0x24 ./emlib/em_cmu.o
 .text.CMU_Log2ToDiv
                0x00021c00       0x1c ./emlib/em_cmu.o
 .text.CMU_PrescToLog2
                0x00021c1c       0x28 ./emlib/em_cmu.o
 .text.setHfLeConfig
                0x00021c44       0x64 ./emlib/em_cmu.o
 .text.auxClkGet
                0x00021ca8       0x20 ./emlib/em_cmu.o
 .text.hfSrcClkGet
                0x00021cc8       0x2c ./emlib/em_cmu.o
 .text.dbgClkGet
                0x00021cf4       0x3c ./emlib/em_cmu.o
 .text.adcAsyncClkGet
                0x00021d30       0x80 ./emlib/em_cmu.o
 .text.flashWaitStateControl
                0x00021db0       0x7c ./emlib/em_cmu.o
 .text.flashWaitStateMax
                0x00021e2c       0x14 ./emlib/em_cmu.o
 .text.CMU_UpdateWaitStates
                0x00021e40       0x18 ./emlib/em_cmu.o
                0x00021e40                CMU_UpdateWaitStates
 .text.getRegIshUpperVal
                0x00021e58       0x38 ./emlib/em_cmu.o
 .text.getHfxoTuningMode
                0x00021e90       0x1c ./emlib/em_cmu.o
 .text.setHfxoTuningMode
                0x00021eac       0x28 ./emlib/em_cmu.o
 .text.lfClkGet
                0x00021ed4       0xe8 ./emlib/em_cmu.o
 .text.syncReg  0x00021fbc       0x38 ./emlib/em_cmu.o
 .text.CMU_AUXHFRCODevinfoGet
                0x00021ff4       0xdc ./emlib/em_cmu.o
 .text.CMU_AUXHFRCOBandSet
                0x000220d0       0x98 ./emlib/em_cmu.o
                0x000220d0                CMU_AUXHFRCOBandSet
 .text.CMU_ClockDivSet
                0x00022168       0x1c ./emlib/em_cmu.o
                0x00022168                CMU_ClockDivSet
 .text.CMU_ClockEnable
                0x00022184       0xcc ./emlib/em_cmu.o
                0x00022184                CMU_ClockEnable
 .text.CMU_ClockFreqGet
                0x00022250      0x198 ./emlib/em_cmu.o
                0x00022250                CMU_ClockFreqGet
 .text.CMU_ClockPrescSet
                0x000223e8      0x1e8 ./emlib/em_cmu.o
                0x000223e8                CMU_ClockPrescSet
 .text.CMU_ClockSelectGet
                0x000225d0      0x190 ./emlib/em_cmu.o
                0x000225d0                CMU_ClockSelectGet
 .text.CMU_ClockSelectSet
                0x00022760      0x25c ./emlib/em_cmu.o
                0x00022760                CMU_ClockSelectSet
 .text.CMU_HFRCODevinfoGet
                0x000229bc       0xdc ./emlib/em_cmu.o
 .text.CMU_HFRCOBandSet
                0x00022a98       0xec ./emlib/em_cmu.o
                0x00022a98                CMU_HFRCOBandSet
 .text.CMU_HFXOAutostartEnable
                0x00022b84       0x7c ./emlib/em_cmu.o
                0x00022b84                CMU_HFXOAutostartEnable
 .text.CMU_HFXOInit
                0x00022c00       0xf4 ./emlib/em_cmu.o
                0x00022c00                CMU_HFXOInit
 .text.CMU_LFXOInit
                0x00022cf4       0x50 ./emlib/em_cmu.o
                0x00022cf4                CMU_LFXOInit
 .text.CMU_OscillatorEnable
                0x00022d44      0x174 ./emlib/em_cmu.o
                0x00022d44                CMU_OscillatorEnable
 .text.CMU_OscillatorTuningGet
                0x00022eb8       0x74 ./emlib/em_cmu.o
                0x00022eb8                CMU_OscillatorTuningGet
 .text.CMU_OscillatorTuningSet
                0x00022f2c       0xfc ./emlib/em_cmu.o
                0x00022f2c                CMU_OscillatorTuningSet
 .text.CMU_OscillatorTuningWait
                0x00023028       0x8c ./emlib/em_cmu.o
                0x00023028                CMU_OscillatorTuningWait
 .text.CMU_OscillatorTuningOptimize
                0x000230b4       0x4c ./emlib/em_cmu.o
                0x000230b4                CMU_OscillatorTuningOptimize
 .text.BUS_RegMaskedSet
                0x00023100       0x24 ./emlib/em_gpio.o
 .text.BUS_RegMaskedClear
                0x00023124       0x24 ./emlib/em_gpio.o
 .text.BUS_RegMaskedWrite
                0x00023148       0x24 ./emlib/em_gpio.o
 .text.GPIO_PinOutClear
                0x0002316c       0x58 ./emlib/em_gpio.o
 .text.GPIO_PinOutSet
                0x000231c4       0x58 ./emlib/em_gpio.o
 .text.GPIO_DriveStrengthSet
                0x0002321c       0x60 ./emlib/em_gpio.o
                0x0002321c                GPIO_DriveStrengthSet
 .text.GPIO_PinModeSet
                0x0002327c      0x108 ./emlib/em_gpio.o
                0x0002327c                GPIO_PinModeSet
 .text.LETIMER_CompareSet
                0x00023384       0x58 ./emlib/em_letimer.o
                0x00023384                LETIMER_CompareSet
 .text.LETIMER_Init
                0x000233dc       0xcc ./emlib/em_letimer.o
                0x000233dc                LETIMER_Init
 .text.RTCC_Init
                0x000234a8       0x60 ./emlib/em_rtcc.o
                0x000234a8                RTCC_Init
 .text.SYSTEM_ChipRevisionGet
                0x00023508       0x74 ./emlib/em_system.o
                0x00023508                SYSTEM_ChipRevisionGet
 .text.USART_BaudrateSyncSet
                0x0002357c       0x40 ./emlib/em_usart.o
                0x0002357c                USART_BaudrateSyncSet
 .text.USART_InitSync
                0x000235bc       0xec ./emlib/em_usart.o
                0x000235bc                USART_InitSync
 .text.USART_Reset
                0x000236a8       0x94 ./emlib/em_usart.o
                0x000236a8                USART_Reset
 .text.USART_SpiTransfer
                0x0002373c       0x40 ./emlib/em_usart.o
                0x0002373c                USART_SpiTransfer
 .text.BUS_RegMaskedSet
                0x0002377c       0x24 ./kit_flashpwr/BRD4302A/mx25flash_spi.o
 .text.BUS_RegMaskedClear
                0x000237a0       0x24 ./kit_flashpwr/BRD4302A/mx25flash_spi.o
 .text.GPIO_PinOutClear
                0x000237c4       0x58 ./kit_flashpwr/BRD4302A/mx25flash_spi.o
 .text.GPIO_PinOutSet
                0x0002381c       0x58 ./kit_flashpwr/BRD4302A/mx25flash_spi.o
 .text.MX25_init
                0x00023874       0x98 ./kit_flashpwr/BRD4302A/mx25flash_spi.o
                0x00023874                MX25_init
 .text.Wait_Flash_WarmUp
                0x0002390c       0x24 ./kit_flashpwr/BRD4302A/mx25flash_spi.o
                0x0002390c                Wait_Flash_WarmUp
 .text.Initial_Spi
                0x00023930        0xc ./kit_flashpwr/BRD4302A/mx25flash_spi.o
                0x00023930                Initial_Spi
 .text.CS_Low   0x0002393c       0x10 ./kit_flashpwr/BRD4302A/mx25flash_spi.o
                0x0002393c                CS_Low
 .text.CS_High  0x0002394c       0x10 ./kit_flashpwr/BRD4302A/mx25flash_spi.o
                0x0002394c                CS_High
 .text.SendByte
                0x0002395c       0x3c ./kit_flashpwr/BRD4302A/mx25flash_spi.o
                0x0002395c                SendByte
 .text.MX25_DP  0x00023998       0x1c ./kit_flashpwr/BRD4302A/mx25flash_spi.o
                0x00023998                MX25_DP
 .text.NVIC_EnableIRQ
                0x000239b4       0x2c ./src/ADC.o
 .text.NVIC_DisableIRQ
                0x000239e0       0x30 ./src/ADC.o
 .text.ADC_DataSingleGet
                0x00023a10       0x18 ./src/ADC.o
 .text.ADC_IntClear
                0x00023a28       0x1c ./src/ADC.o
 .text.ADC_IntDisable
                0x00023a44       0x24 ./src/ADC.o
 .text.ADC_IntEnable
                0x00023a68       0x20 ./src/ADC.o
 .text.ADC_IntGet
                0x00023a88       0x18 ./src/ADC.o
 .text.ADC_Start
                0x00023aa0       0x1c ./src/ADC.o
 .text.BUS_RegMaskedSet
                0x00023abc       0x24 ./src/ADC.o
 .text.BUS_RegMaskedClear
                0x00023ae0       0x24 ./src/ADC.o
 .text.GPIO_PinOutClear
                0x00023b04       0x58 ./src/ADC.o
 .text.GPIO_PinOutSet
                0x00023b5c       0x58 ./src/ADC.o
 *fill*         0x00023bb4        0x4 
 .text.ADC0_IRQHandler
                0x00023bb8      0x24c ./src/ADC.o
                0x00023bb8                ADC0_IRQHandler
 .text.ADC_SYNC_To_ASYNC
                0x00023e04       0x38 ./src/ADC.o
                0x00023e04                ADC_SYNC_To_ASYNC
 .text.ADC_Setup
                0x00023e3c       0xfc ./src/ADC.o
                0x00023e3c                ADC_Setup
 .text.SYSTEM_GetProdRev
                0x00023f38       0x1c ./src/InitDevice.o
 .text.BUS_RegBitWrite
                0x00023f54       0x2c ./src/InitDevice.o
 .text.CHIP_Init
                0x00023f80       0xb4 ./src/InitDevice.o
 .text.enter_DefaultMode_from_RESET
                0x00024034       0x2c ./src/InitDevice.o
                0x00024034                enter_DefaultMode_from_RESET
 .text.EMU_enter_DefaultMode_from_RESET
                0x00024060       0x94 ./src/InitDevice.o
                0x00024060                EMU_enter_DefaultMode_from_RESET
 .text.LFXO_enter_DefaultMode_from_RESET
                0x000240f4        0xc ./src/InitDevice.o
                0x000240f4                LFXO_enter_DefaultMode_from_RESET
 .text.CMU_enter_DefaultMode_from_RESET
                0x00024100      0x128 ./src/InitDevice.o
                0x00024100                CMU_enter_DefaultMode_from_RESET
 .text.RTCC_enter_DefaultMode_from_RESET
                0x00024228       0x4c ./src/InitDevice.o
                0x00024228                RTCC_enter_DefaultMode_from_RESET
 .text.GPCRC_enter_DefaultMode_from_RESET
                0x00024274        0xc ./src/InitDevice.o
                0x00024274                GPCRC_enter_DefaultMode_from_RESET
 .text.LDMA_enter_DefaultMode_from_RESET
                0x00024280        0xc ./src/InitDevice.o
                0x00024280                LDMA_enter_DefaultMode_from_RESET
 .text.PRS_enter_DefaultMode_from_RESET
                0x0002428c       0x20 ./src/InitDevice.o
                0x0002428c                PRS_enter_DefaultMode_from_RESET
 .text.PORTIO_enter_DefaultMode_from_RESET
                0x000242ac        0xc ./src/InitDevice.o
                0x000242ac                PORTIO_enter_DefaultMode_from_RESET
 .text.cmu_init
                0x000242b8      0x150 ./src/cmu.o
                0x000242b8                cmu_init
 .text.gpio_init
                0x00024408       0x48 ./src/gpio.o
                0x00024408                gpio_init
 .text.NVIC_EnableIRQ
                0x00024450       0x2c ./src/letimer.o
 .text.LETIMER_IntClear
                0x0002447c       0x1c ./src/letimer.o
 .text.LETIMER_IntEnable
                0x00024498       0x20 ./src/letimer.o
 .text.LETIMER_IntGet
                0x000244b8       0x18 ./src/letimer.o
 .text.BUS_RegMaskedSet
                0x000244d0       0x24 ./src/letimer.o
 .text.BUS_RegMaskedClear
                0x000244f4       0x24 ./src/letimer.o
 .text.GPIO_PinOutClear
                0x00024518       0x58 ./src/letimer.o
 .text.GPIO_PinOutSet
                0x00024570       0x58 ./src/letimer.o
 .text.LETIMER0_IRQHandler
                0x000245c8       0x5c ./src/letimer.o
                0x000245c8                LETIMER0_IRQHandler
 .text.le_timer_init
                0x00024624       0x60 ./src/letimer.o
                0x00024624                le_timer_init
 .text.EMU_EnterEM1
                0x00024684       0x20 ./src/sleep.o
 .text.sleep    0x000246a4       0x4c ./src/sleep.o
                0x000246a4                sleep
 .text.blockSleepMode
                0x000246f0       0x2c ./src/sleep.o
                0x000246f0                blockSleepMode
 .text          0x0002471c       0x18 D:/SiliconLabs/SimplicityStudio/v4/developer/sdks/gecko_sdk_suite/v1.1//protocol/bluetooth_2.4/lib/EFR32BG1B/GCC/bgapi.a(gecko_bgapi_hardware.c.obj)
                0x0002471c                gecko_bgapi_class_hardware_init
 .text          0x00024734       0x18 D:/SiliconLabs/SimplicityStudio/v4/developer/sdks/gecko_sdk_suite/v1.1//protocol/bluetooth_2.4/lib/EFR32BG1B/GCC/bgapi.a(gecko_bgapi_test.c.obj)
                0x00024734                gecko_bgapi_class_test_init
 .text          0x0002474c       0x18 D:/SiliconLabs/SimplicityStudio/v4/developer/sdks/gecko_sdk_suite/v1.1//protocol/bluetooth_2.4/lib/EFR32BG1B/GCC/bgapi.a(gecko_bgapi_dfu.c.obj)
                0x0002474c                gecko_bgapi_class_dfu_init
 .text          0x00024764       0x18 D:/SiliconLabs/SimplicityStudio/v4/developer/sdks/gecko_sdk_suite/v1.1//protocol/bluetooth_2.4/lib/EFR32BG1B/GCC/bgapi.a(gecko_bgapi_gap.c.obj)
                0x00024764                gecko_bgapi_class_le_gap_init
 .text          0x0002477c       0x18 D:/SiliconLabs/SimplicityStudio/v4/developer/sdks/gecko_sdk_suite/v1.1//protocol/bluetooth_2.4/lib/EFR32BG1B/GCC/bgapi.a(gecko_bgapi_gatt.c.obj)
                0x0002477c                gecko_bgapi_class_gatt_init
 .text          0x00024794       0x18 D:/SiliconLabs/SimplicityStudio/v4/developer/sdks/gecko_sdk_suite/v1.1//protocol/bluetooth_2.4/lib/EFR32BG1B/GCC/bgapi.a(gecko_bgapi_gatt_server.c.obj)
                0x00024794                gecko_bgapi_class_gatt_server_init
 .text          0x000247ac       0x18 D:/SiliconLabs/SimplicityStudio/v4/developer/sdks/gecko_sdk_suite/v1.1//protocol/bluetooth_2.4/lib/EFR32BG1B/GCC/bgapi.a(gecko_bgapi_flash.c.obj)
                0x000247ac                gecko_bgapi_class_flash_init
 .text          0x000247c4       0x18 D:/SiliconLabs/SimplicityStudio/v4/developer/sdks/gecko_sdk_suite/v1.1//protocol/bluetooth_2.4/lib/EFR32BG1B/GCC/bgapi.a(gecko_bgapi_sm.c.obj)
                0x000247c4                gecko_bgapi_class_sm_init
 .text          0x000247dc       0x18 D:/SiliconLabs/SimplicityStudio/v4/developer/sdks/gecko_sdk_suite/v1.1//protocol/bluetooth_2.4/lib/EFR32BG1B/GCC/bgapi.a(gecko_bgapi_system.c.obj)
                0x000247dc                gecko_bgapi_class_system_init
 .text          0x000247f4       0x18 D:/SiliconLabs/SimplicityStudio/v4/developer/sdks/gecko_sdk_suite/v1.1//protocol/bluetooth_2.4/lib/EFR32BG1B/GCC/bgapi.a(gecko_bgapi_endpoint.c.obj)
                0x000247f4                gecko_bgapi_class_endpoint_init
 .text          0x0002480c       0x18 D:/SiliconLabs/SimplicityStudio/v4/developer/sdks/gecko_sdk_suite/v1.1//protocol/bluetooth_2.4/lib/EFR32BG1B/GCC/bgapi.a(gecko_bgapi_le_connection.c.obj)
                0x0002480c                gecko_bgapi_class_le_connection_init
 .text          0x00024824      0x1d0 D:/SiliconLabs/SimplicityStudio/v4/developer/sdks/gecko_sdk_suite/v1.1//protocol/bluetooth_2.4/lib/EFR32BG1B/GCC/bgapi.a(bgapi_hardware.c.obj)
                0x00024824                soft_timer_comparison
                0x000248b8                bgapi_hardware_soft_timer_listener
                0x000248f8                lib_hardware_handler_init
                0x0002490c                gecko_cmd_hardware_set_soft_timer
                0x0002494c                gecko_cmd_hardware_set_lazy_soft_timer
                0x0002498c                gecko_cmd_hardware_get_time
                0x000249c0                gecko_cmd_hardware_enable_dcdc
 .text          0x000249f4      0x330 D:/SiliconLabs/SimplicityStudio/v4/developer/sdks/gecko_sdk_suite/v1.1//protocol/bluetooth_2.4/lib/EFR32BG1B/GCC/bgapi.a(bgapi_test_lib.c.obj)
                0x000249f4                bgapi_test_lib_msg_handler
                0x00024a4c                lib_test_handler_init
                0x00024a6c                disable_interrupts
                0x00024a90                gecko_cmd_test_dtm_tx
                0x00024b24                gecko_cmd_test_dtm_rx
                0x00024b70                gecko_cmd_test_dtm_end
                0x00024bd8                gecko_cmd_test_debug_command
                0x00024ca8                gecko_cmd_test_debug_counter
 .text          0x00024d24       0x8c D:/SiliconLabs/SimplicityStudio/v4/developer/sdks/gecko_sdk_suite/v1.1//protocol/bluetooth_2.4/lib/EFR32BG1B/GCC/bgapi.a(bgapi_dfu.c.obj)
                0x00024d24                lib_dfu_handler_init
                0x00024d26                gecko_cmd_dfu_reset
                0x00024d2c                gecko_cmd_dfu_flash_set_address
                0x00024d58                gecko_cmd_dfu_flash_upload
                0x00024d84                gecko_cmd_dfu_flash_upload_finish
 .text          0x00024db0      0x34c D:/SiliconLabs/SimplicityStudio/v4/developer/sdks/gecko_sdk_suite/v1.1//protocol/bluetooth_2.4/lib/EFR32BG1B/GCC/bgapi.a(bgapi_gap.c.obj)
                0x00024db0                lib_le_gap_handler_init
                0x00024db2                gecko_cmd_le_gap_set_mode
                0x00024df8                gecko_cmd_le_gap_bt5_set_mode
                0x00024e3c                gecko_cmd_le_gap_set_adv_data
                0x00024e84                gecko_cmd_le_gap_bt5_set_adv_data
                0x00024eb8                gecko_cmd_le_gap_set_adv_timeout
                0x00024f0c                gecko_cmd_le_gap_open
                0x00024f70                gecko_cmd_le_gap_discover
                0x00024f9c                gecko_cmd_le_gap_end_procedure
                0x00024fc8                gecko_cmd_le_gap_set_adv_parameters
                0x00024ffc                gecko_cmd_le_gap_bt5_set_adv_parameters
                0x00025038                gecko_cmd_le_gap_set_scan_parameters
                0x00025068                gecko_cmd_le_gap_set_conn_parameters
                0x000250a0                gecko_cmd_le_gap_set_phy
                0x000250cc                gecko_cmd_le_gap_set_privacy_mode
 .text          0x000250fc      0x6c4 D:/SiliconLabs/SimplicityStudio/v4/developer/sdks/gecko_sdk_suite/v1.1//protocol/bluetooth_2.4/lib/EFR32BG1B/GCC/bgapi.a(bgapi_gatt_lib.c.obj)
                0x000250fc                lib_gatt_handler_init
                0x00025100                lib_gatt_server_handler_init
                0x00025102                gecko_cmd_gatt_set_max_mtu
                0x0002513c                gecko_cmd_gatt_discover_primary_services
                0x0002516c                gecko_cmd_gatt_discover_primary_services_by_uuid
                0x000251a8                gecko_cmd_gatt_find_included_services
                0x000251dc                gecko_cmd_gatt_discover_characteristics
                0x00025210                gecko_cmd_gatt_discover_characteristics_by_uuid
                0x00025250                gecko_cmd_gatt_read_characteristic_value
                0x00025288                gecko_cmd_gatt_read_characteristic_value_from_offset
                0x000252c4                gecko_cmd_gatt_read_characteristic_value_by_uuid
                0x00025304                gecko_cmd_gatt_read_multiple_characteristic_values
                0x00025338                gecko_cmd_gatt_write_characteristic_value
                0x00025370                gecko_cmd_gatt_write_characteristic_value_without_response
                0x000253b4                gecko_cmd_gatt_prepare_characteristic_value_write
                0x00025404                gecko_cmd_gatt_execute_characteristic_value_write
                0x00025438                gecko_cmd_gatt_set_characteristic_notification
                0x00025470                gecko_cmd_gatt_discover_descriptors
                0x000254a4                gecko_cmd_gatt_read_descriptor_value
                0x000254d8                gecko_cmd_gatt_write_descriptor_value
                0x00025510                gecko_cmd_gatt_server_read_attribute_value
                0x00025558                gecko_cmd_gatt_server_read_attribute_type
                0x0002559c                gecko_cmd_gatt_server_find_attribute
                0x000255d8                gecko_cmd_gatt_server_write_attribute_value
                0x0002560c                gecko_cmd_gatt_server_send_user_read_response
                0x0002565c                gecko_cmd_gatt_server_send_user_write_response
                0x00025694                gecko_cmd_gatt_server_send_characteristic_notification
                0x000256e0                gecko_cmd_gatt_send_characteristic_confirmation
                0x00025710                gecko_cmd_gatt_server_set_database
                0x00025740                gecko_cmd_gatt_server_set_capabilities
                0x00025770                gecko_cmd_gatt_prepare_characteristic_value_reliable_write
 .text          0x000257c0      0x1d0 D:/SiliconLabs/SimplicityStudio/v4/developer/sdks/gecko_sdk_suite/v1.1//protocol/bluetooth_2.4/lib/EFR32BG1B/GCC/bgapi.a(bgapi_ps.c.obj)
                0x000257c0                bgapi_ps_dump_listener
                0x00025800                lib_flash_handler_init
                0x00025814                gecko_cmd_flash_ps_dump
                0x000258ac                gecko_cmd_flash_ps_erase_all
                0x000258dc                gecko_cmd_flash_ps_save
                0x00025918                gecko_cmd_flash_ps_load
                0x0002595c                gecko_cmd_flash_ps_erase
 .text          0x00025990      0x3cc D:/SiliconLabs/SimplicityStudio/v4/developer/sdks/gecko_sdk_suite/v1.1//protocol/bluetooth_2.4/lib/EFR32BG1B/GCC/bgapi.a(bgapi_sm.c.obj)
                0x00025a58                lib_sm_handler_init
                0x00025a6c                gecko_cmd_sm_list_all_bondings
                0x00025aa4                gecko_cmd_sm_increase_security
                0x00025ad4                gecko_cmd_sm_set_bondable_mode
                0x00025b00                gecko_cmd_sm_delete_bonding
                0x00025b30                gecko_cmd_sm_delete_bondings
                0x00025b60                gecko_cmd_sm_configure
                0x00025b90                gecko_cmd_sm_enter_passkey
                0x00025bc4                gecko_cmd_sm_set_passkey
                0x00025bf0                gecko_cmd_sm_passkey_confirm
                0x00025c24                gecko_cmd_sm_set_oob_data
                0x00025c54                gecko_cmd_sm_set_sc_remote_oob_data
                0x00025c84                gecko_cmd_sm_use_sc_oob
                0x00025cc4                gecko_cmd_sm_store_bonding_configuration
                0x00025cf8                gecko_cmd_sm_bonding_confirm
                0x00025d2c                gecko_cmd_sm_set_debug_mode
 .text          0x00025d5c      0x1d8 D:/SiliconLabs/SimplicityStudio/v4/developer/sdks/gecko_sdk_suite/v1.1//protocol/bluetooth_2.4/lib/EFR32BG1B/GCC/bgapi.a(bgapi_system.c.obj)
                0x00025d5c                bgapi_system_listener
                0x00025d8c                lib_system_handler_init
                0x00025da0                gecko_cmd_system_get_bt_address
                0x00025dd8                gecko_cmd_system_set_bt_address
                0x00025e0c                gecko_cmd_system_set_device_name
                0x00025e48                gecko_cmd_system_get_random_data
                0x00025e90                gecko_cmd_system_halt
                0x00025ec4                gecko_cmd_system_set_tx_power
                0x00025ef4                gecko_cmd_system_hello
                0x00025f1c                gecko_cmd_system_reset
                0x00025f22                gecko_send_system_awake
 .text          0x00025f34      0x1ac D:/SiliconLabs/SimplicityStudio/v4/developer/sdks/gecko_sdk_suite/v1.1//protocol/bluetooth_2.4/lib/EFR32BG1B/GCC/bgapi.a(bgapi_endpoint.c.obj)
                0x00025f34                lib_endpoint_handler_init
                0x00025f36                gecko_cmd_endpoint_send
                0x00025fe0                gecko_cmd_endpoint_set_streaming_destination
                0x00026038                gecko_cmd_endpoint_close
                0x00026094                gecko_cmd_endpoint_set_flags
                0x00026096                gecko_cmd_endpoint_clr_flags
                0x00026098                gecko_cmd_endpoint_read_counters
 .text          0x000260e0      0x104 D:/SiliconLabs/SimplicityStudio/v4/developer/sdks/gecko_sdk_suite/v1.1//protocol/bluetooth_2.4/lib/EFR32BG1B/GCC/bgapi.a(bgapi_le_connection.c.obj)
                0x000260e0                lib_le_connection_handler_init
                0x000260e2                gecko_cmd_le_connection_set_parameters
                0x00026130                gecko_cmd_le_connection_get_rssi
                0x00026160                gecko_cmd_le_connection_disable_slave_latency
                0x000261a8                gecko_cmd_le_connection_set_phy
 .text          0x000261e4      0xdf0 D:/SiliconLabs/SimplicityStudio/v4/developer/sdks/gecko_sdk_suite/v1.1//protocol/bluetooth_2.4/lib/EFR32BG1B/GCC/bgapi.a(gatt_client.c.obj)
                0x0002644c                gatt_discover_primary_services
                0x0002648a                gatt_discover_primary_services_by_uuid
                0x000264e0                gatt_find_included_services
                0x00026530                gatt_find_included_services_handler
                0x000265e0                gatt_discover_characteristics
                0x00026602                gatt_discover_characteristics_by_uuid
                0x00026644                gatt_discover_descriptors
                0x00026680                gatt_read_characteristic_value
                0x000266b8                gatt_read_characteristic_value_by_uuid
                0x000266f2                gatt_read_multiple_characteristic_values
                0x00026716                gatt_write_characteristic_value
                0x0002673c                gatt_write_characteristic_value_without_response
                0x00026756                gatt_prepare_characteristic_value_write
                0x000267cc                gatt_execute_characteristic_value_write
                0x000267ee                gatt_set_characteristic_notification
                0x0002682e                gatt_read_descriptor_value
                0x00026856                gatt_write_descriptor_value
                0x0002687c                gatt_handle_exchange_mtu_rsp
                0x00026898                gatt_handle_find_information_response
                0x000269ea                gatt_handle_find_by_type_value_response
                0x00026a86                gatt_handle_read_response
                0x00026be4                gatt_handle_read_blob_response
                0x00026c1a                gatt_handle_read_multiple_response
                0x00026c56                gatt_handle_read_by_type_response
                0x00026da0                gatt_handle_read_by_group_type_response
                0x00026e48                gatt_handle_write_response
                0x00026e5c                gatt_handle_prepare_write_response
                0x00026f4e                gatt_handle_execute_write_response
                0x00026f86                gatt_client_handle_value_notification
                0x00026f98                gatt_client_handle_value_indication
                0x00026fac                gatt_send_characteristic_confirmation
                0x00026fca                gatt_client_init
 .text          0x00026fd4      0x250 D:/SiliconLabs/SimplicityStudio/v4/developer/sdks/gecko_sdk_suite/v1.1//protocol/bluetooth_2.4/lib/EFR32BG1B/GCC/bgapi.a(ubt_gatt_client.c.obj)
                0x00026fd4                ubt_gatt_discover_primary_services
                0x00026fea                ubt_gatt_discover_primary_services_by_uuid
                0x00027016                ubt_gatt_find_included_services
                0x00027030                ubt_gatt_discover_characteristics
                0x0002704a                ubt_gatt_discover_characteristics_by_uuid
                0x0002707a                ubt_gatt_discover_descriptors
                0x00027094                ubt_gatt_read_characteristic_value
                0x000270b6                ubt_gatt_read_characteristic_value_by_uuid
                0x000270e6                ubt_gatt_read_multiple_characteristic_values
                0x00027104                ubt_gatt_write_characteristic_value
                0x00027126                ubt_gatt_write_characteristic_value_without_response
                0x00027160                ubt_gatt_prepare_characteristic_value_write
                0x0002719a                ubt_gatt_execute_characteristic_value_write
                0x000271b4                ubt_gatt_send_characteristic_confirmation
                0x000271ca                ubt_gatt_read_descriptor_value
                0x000271e4                ubt_gatt_write_descriptor_value
                0x00027206                ubt_gatt_set_characteristic_notification
 .text          0x00027224      0x4ec D:/SiliconLabs/SimplicityStudio/v4/developer/sdks/gecko_sdk_suite/v1.1//protocol/bluetooth_2.4/lib/EFR32BG1B/GCC/bgapi.a(att_client.c.obj)
                0x00027224                att_send_find_information_request
                0x0002724a                att_send_find_by_type_value_request
                0x0002727c                att_send_read_by_type_request
                0x000272a8                att_send_read_request
                0x000272c8                att_send_read_blob_request
                0x000272ee                att_send_read_multiple_request
                0x0002731a                att_send_read_by_group_type_request
                0x00027346                att_send_write_request
                0x00027372                att_send_write_command
                0x0002739e                att_send_signed_write_command
                0x000273d8                att_send_prepare_write_request
                0x00027414                att_send_execute_write_request
                0x00027432                att_send_handle_value_confirmation
                0x0002744a                validate_gatt_client_pdu_len
                0x00027504                att_gatt_client_handler
 .text          0x00027710      0x370 d:/siliconlabs/simplicitystudio/v4/developer/toolchains/gnu_arm/4.9_2015q3/bin/../lib/gcc/arm-none-eabi/4.9.3/armv7e-m/fpu\libgcc.a(_arm_addsubdf3.o)
                0x00027710                __aeabi_drsub
                0x00027718                __aeabi_dsub
                0x00027718                __subdf3
                0x0002771c                __aeabi_dadd
                0x0002771c                __adddf3
                0x00027994                __floatunsidf
                0x00027994                __aeabi_ui2d
                0x000279b4                __floatsidf
                0x000279b4                __aeabi_i2d
                0x000279d8                __aeabi_f2d
                0x000279d8                __extendsfdf2
                0x00027a14                __floatundidf
                0x00027a14                __aeabi_ul2d
                0x00027a24                __floatdidf
                0x00027a24                __aeabi_l2d
 .text          0x00027a80      0x424 d:/siliconlabs/simplicitystudio/v4/developer/toolchains/gnu_arm/4.9_2015q3/bin/../lib/gcc/arm-none-eabi/4.9.3/armv7e-m/fpu\libgcc.a(_arm_muldivdf3.o)
                0x00027a80                __aeabi_dmul
                0x00027a80                __muldf3
                0x00027cd4                __divdf3
                0x00027cd4                __aeabi_ddiv
 .text          0x00027ea4      0x110 d:/siliconlabs/simplicitystudio/v4/developer/toolchains/gnu_arm/4.9_2015q3/bin/../lib/gcc/arm-none-eabi/4.9.3/armv7e-m/fpu\libgcc.a(_arm_cmpdf2.o)
                0x00027ea4                __gtdf2
                0x00027ea4                __gedf2
                0x00027eac                __ltdf2
                0x00027eac                __ledf2
                0x00027eb4                __nedf2
                0x00027eb4                __eqdf2
                0x00027eb4                __cmpdf2
                0x00027f30                __aeabi_cdrcmple
                0x00027f40                __aeabi_cdcmpeq
                0x00027f40                __aeabi_cdcmple
                0x00027f50                __aeabi_dcmpeq
                0x00027f64                __aeabi_dcmplt
                0x00027f78                __aeabi_dcmple
                0x00027f8c                __aeabi_dcmpge
                0x00027fa0                __aeabi_dcmpgt
 .text          0x00027fb4       0x50 d:/siliconlabs/simplicitystudio/v4/developer/toolchains/gnu_arm/4.9_2015q3/bin/../lib/gcc/arm-none-eabi/4.9.3/armv7e-m/fpu\libgcc.a(_arm_fixdfsi.o)
                0x00027fb4                __aeabi_d2iz
                0x00027fb4                __fixdfsi
 .text.exit     0x00028004       0x20 d:/siliconlabs/simplicitystudio/v4/developer/toolchains/gnu_arm/4.9_2015q3/bin/../lib/gcc/arm-none-eabi/4.9.3/../../../../arm-none-eabi/lib/armv7e-m/fpu\libc.a(lib_a-exit.o)
                0x00028004                exit
 .text.__libc_init_array
                0x00028024       0x50 d:/siliconlabs/simplicitystudio/v4/developer/toolchains/gnu_arm/4.9_2015q3/bin/../lib/gcc/arm-none-eabi/4.9.3/../../../../arm-none-eabi/lib/armv7e-m/fpu\libc.a(lib_a-init.o)
                0x00028024                __libc_init_array
 .text.memcmp   0x00028074       0x64 d:/siliconlabs/simplicitystudio/v4/developer/toolchains/gnu_arm/4.9_2015q3/bin/../lib/gcc/arm-none-eabi/4.9.3/../../../../arm-none-eabi/lib/armv7e-m/fpu\libc.a(lib_a-memcmp.o)
                0x00028074                memcmp
 .text          0x000280d8      0x134 d:/siliconlabs/simplicitystudio/v4/developer/toolchains/gnu_arm/4.9_2015q3/bin/../lib/gcc/arm-none-eabi/4.9.3/../../../../arm-none-eabi/lib/armv7e-m/fpu\libc.a(lib_a-memcpy.o)
                0x000280d8                memcpy
 .text.memset   0x0002820c       0x9c d:/siliconlabs/simplicitystudio/v4/developer/toolchains/gnu_arm/4.9_2015q3/bin/../lib/gcc/arm-none-eabi/4.9.3/../../../../arm-none-eabi/lib/armv7e-m/fpu\libc.a(lib_a-memset.o)
                0x0002820c                memset
 .text.startup.register_fini
                0x000282a8       0x14 d:/siliconlabs/simplicitystudio/v4/developer/toolchains/gnu_arm/4.9_2015q3/bin/../lib/gcc/arm-none-eabi/4.9.3/../../../../arm-none-eabi/lib/armv7e-m/fpu\libc.a(lib_a-__call_atexit.o)
 .text.__call_exitprocs
                0x000282bc       0xd4 d:/siliconlabs/simplicitystudio/v4/developer/toolchains/gnu_arm/4.9_2015q3/bin/../lib/gcc/arm-none-eabi/4.9.3/../../../../arm-none-eabi/lib/armv7e-m/fpu\libc.a(lib_a-__call_atexit.o)
                0x000282bc                __call_exitprocs
 .text.atexit   0x00028390        0xc d:/siliconlabs/simplicitystudio/v4/developer/toolchains/gnu_arm/4.9_2015q3/bin/../lib/gcc/arm-none-eabi/4.9.3/../../../../arm-none-eabi/lib/armv7e-m/fpu\libc.a(lib_a-atexit.o)
                0x00028390                atexit
 .text.__libc_fini_array
                0x0002839c       0x2c d:/siliconlabs/simplicitystudio/v4/developer/toolchains/gnu_arm/4.9_2015q3/bin/../lib/gcc/arm-none-eabi/4.9.3/../../../../arm-none-eabi/lib/armv7e-m/fpu\libc.a(lib_a-fini.o)
                0x0002839c                __libc_fini_array
 .text.__register_exitproc
                0x000283c8       0xa4 d:/siliconlabs/simplicitystudio/v4/developer/toolchains/gnu_arm/4.9_2015q3/bin/../lib/gcc/arm-none-eabi/4.9.3/../../../../arm-none-eabi/lib/armv7e-m/fpu\libc.a(lib_a-__atexit.o)
                0x000283c8                __register_exitproc
 .text._exit    0x0002846c        0x4 d:/siliconlabs/simplicitystudio/v4/developer/toolchains/gnu_arm/4.9_2015q3/bin/../lib/gcc/arm-none-eabi/4.9.3/../../../../arm-none-eabi/lib/armv7e-m/fpu\libnosys.a(_exit.o)
                0x0002846c                _exit
 *(.init)
 .init          0x00028470        0x4 d:/siliconlabs/simplicitystudio/v4/developer/toolchains/gnu_arm/4.9_2015q3/bin/../lib/gcc/arm-none-eabi/4.9.3/armv7e-m/fpu/crti.o
                0x00028470                _init
 .init          0x00028474        0x8 d:/siliconlabs/simplicitystudio/v4/developer/toolchains/gnu_arm/4.9_2015q3/bin/../lib/gcc/arm-none-eabi/4.9.3/armv7e-m/fpu/crtn.o
 *(.fini)
 .fini          0x0002847c        0x4 d:/siliconlabs/simplicitystudio/v4/developer/toolchains/gnu_arm/4.9_2015q3/bin/../lib/gcc/arm-none-eabi/4.9.3/armv7e-m/fpu/crti.o
                0x0002847c                _fini
 .fini          0x00028480        0x8 d:/siliconlabs/simplicitystudio/v4/developer/toolchains/gnu_arm/4.9_2015q3/bin/../lib/gcc/arm-none-eabi/4.9.3/armv7e-m/fpu/crtn.o
 *crtbegin.o(.ctors)
 *crtbegin?.o(.ctors)
 *(EXCLUDE_FILE(*crtend.o *crtend?.o) .ctors)
 *(SORT(.ctors.*))
 *(.ctors)
 *crtbegin.o(.dtors)
 *crtbegin?.o(.dtors)
 *(EXCLUDE_FILE(*crtend.o *crtend?.o) .dtors)
 *(SORT(.dtors.*))
 *(.dtors)
 *(.rodata*)
 .rodata.ptiInit
                0x00028488       0x24 ./main.o
 .rodata        0x000284ac        0x4 ./main.o
 .rodata.config
                0x000284b0       0x38 ./main.o
 .rodata        0x000284e8       0x24 ./kit_flashpwr/BRD4302A/mx25flash_spi.o
 .rodata        0x0002850c       0x50 ./src/InitDevice.o
 .rodata.letimerInit
                0x0002855c       0x14 ./src/letimer.o
                0x0002855c                letimerInit
 .rodata        0x00028570       0x28 D:/SiliconLabs/SimplicityStudio/v4/developer/sdks/gecko_sdk_suite/v1.1//protocol/bluetooth_2.4/lib/EFR32BG1B/GCC/bgapi.a(gecko_bgapi_hardware.c.obj)
 .rodata        0x00028598       0x30 D:/SiliconLabs/SimplicityStudio/v4/developer/sdks/gecko_sdk_suite/v1.1//protocol/bluetooth_2.4/lib/EFR32BG1B/GCC/bgapi.a(gecko_bgapi_test.c.obj)
 .rodata        0x000285c8       0x28 D:/SiliconLabs/SimplicityStudio/v4/developer/sdks/gecko_sdk_suite/v1.1//protocol/bluetooth_2.4/lib/EFR32BG1B/GCC/bgapi.a(gecko_bgapi_dfu.c.obj)
 .rodata        0x000285f0       0x78 D:/SiliconLabs/SimplicityStudio/v4/developer/sdks/gecko_sdk_suite/v1.1//protocol/bluetooth_2.4/lib/EFR32BG1B/GCC/bgapi.a(gecko_bgapi_gap.c.obj)
 .rodata        0x00028668       0xa8 D:/SiliconLabs/SimplicityStudio/v4/developer/sdks/gecko_sdk_suite/v1.1//protocol/bluetooth_2.4/lib/EFR32BG1B/GCC/bgapi.a(gecko_bgapi_gatt.c.obj)
 .rodata        0x00028710       0x50 D:/SiliconLabs/SimplicityStudio/v4/developer/sdks/gecko_sdk_suite/v1.1//protocol/bluetooth_2.4/lib/EFR32BG1B/GCC/bgapi.a(gecko_bgapi_gatt_server.c.obj)
 .rodata        0x00028760       0x30 D:/SiliconLabs/SimplicityStudio/v4/developer/sdks/gecko_sdk_suite/v1.1//protocol/bluetooth_2.4/lib/EFR32BG1B/GCC/bgapi.a(gecko_bgapi_flash.c.obj)
 .rodata        0x00028790       0x80 D:/SiliconLabs/SimplicityStudio/v4/developer/sdks/gecko_sdk_suite/v1.1//protocol/bluetooth_2.4/lib/EFR32BG1B/GCC/bgapi.a(gecko_bgapi_sm.c.obj)
 .rodata        0x00028810       0x48 D:/SiliconLabs/SimplicityStudio/v4/developer/sdks/gecko_sdk_suite/v1.1//protocol/bluetooth_2.4/lib/EFR32BG1B/GCC/bgapi.a(gecko_bgapi_system.c.obj)
 .rodata        0x00028858       0x38 D:/SiliconLabs/SimplicityStudio/v4/developer/sdks/gecko_sdk_suite/v1.1//protocol/bluetooth_2.4/lib/EFR32BG1B/GCC/bgapi.a(gecko_bgapi_endpoint.c.obj)
 .rodata        0x00028890       0x28 D:/SiliconLabs/SimplicityStudio/v4/developer/sdks/gecko_sdk_suite/v1.1//protocol/bluetooth_2.4/lib/EFR32BG1B/GCC/bgapi.a(gecko_bgapi_le_connection.c.obj)
 .rodata        0x000288b8       0x18 D:/SiliconLabs/SimplicityStudio/v4/developer/sdks/gecko_sdk_suite/v1.1//protocol/bluetooth_2.4/lib/EFR32BG1B/GCC/bgapi.a(bgapi_sm.c.obj)
 .rodata        0x000288d0        0x4 D:/SiliconLabs/SimplicityStudio/v4/developer/sdks/gecko_sdk_suite/v1.1//protocol/bluetooth_2.4/lib/EFR32BG1B/GCC/bgapi.a(gatt_client.c.obj)
 .rodata.str1.4
                0x000288d4        0x4 d:/siliconlabs/simplicitystudio/v4/developer/toolchains/gnu_arm/4.9_2015q3/bin/../lib/gcc/arm-none-eabi/4.9.3/../../../../arm-none-eabi/lib/armv7e-m/fpu\libc.a(lib_a-impure.o)
                                  0x2 (size before relaxing)
 .rodata._global_impure_ptr
                0x000288d8        0x4 d:/siliconlabs/simplicitystudio/v4/developer/toolchains/gnu_arm/4.9_2015q3/bin/../lib/gcc/arm-none-eabi/4.9.3/../../../../arm-none-eabi/lib/armv7e-m/fpu\libc.a(lib_a-impure.o)
                0x000288d8                _global_impure_ptr
 *(.eh_frame*)
 .eh_frame      0x000288dc        0x0 d:/siliconlabs/simplicitystudio/v4/developer/toolchains/gnu_arm/4.9_2015q3/bin/../lib/gcc/arm-none-eabi/4.9.3/armv7e-m/fpu/crtbegin.o
 .eh_frame      0x000288dc        0x4 d:/siliconlabs/simplicitystudio/v4/developer/toolchains/gnu_arm/4.9_2015q3/bin/../lib/gcc/arm-none-eabi/4.9.3/armv7e-m/fpu/crtend.o
                0x000288e0                . = ALIGN (0x4)

.glue_7         0x000288e0        0x0
 .glue_7        0x00000000        0x0 linker stubs

.glue_7t        0x000288e0        0x0
 .glue_7t       0x00000000        0x0 linker stubs

.vfp11_veneer   0x000288e0        0x0
 .vfp11_veneer  0x00000000        0x0 linker stubs

.v4_bx          0x000288e0        0x0
 .v4_bx         0x00000000        0x0 linker stubs

.iplt           0x000288e0        0x0
 .iplt          0x00000000        0x0 d:/siliconlabs/simplicitystudio/v4/developer/toolchains/gnu_arm/4.9_2015q3/bin/../lib/gcc/arm-none-eabi/4.9.3/armv7e-m/fpu/crtbegin.o

.igot.plt       0x000288e0        0x0
 .igot.plt      0x00000000        0x0 d:/siliconlabs/simplicitystudio/v4/developer/toolchains/gnu_arm/4.9_2015q3/bin/../lib/gcc/arm-none-eabi/4.9.3/armv7e-m/fpu/crtbegin.o

.text_app_ARM.extab
 *(.ARM.extab* .gnu.linkonce.armextab.*)
                0x000288e0                __exidx_start = .

.text_app_ARM.exidx
                0x000288e0        0x8
 *(.ARM.exidx* .gnu.linkonce.armexidx.*)
 .ARM.exidx     0x000288e0        0x8 d:/siliconlabs/simplicitystudio/v4/developer/toolchains/gnu_arm/4.9_2015q3/bin/../lib/gcc/arm-none-eabi/4.9.3/../../../../arm-none-eabi/lib/armv7e-m/fpu/crt0.o
                0x000288e8                __exidx_end = .
                0x000288e8                __etext = .

.rel.dyn        0x000288e8        0x0
 .rel.iplt      0x00000000        0x0 d:/siliconlabs/simplicitystudio/v4/developer/toolchains/gnu_arm/4.9_2015q3/bin/../lib/gcc/arm-none-eabi/4.9.3/armv7e-m/fpu/crtbegin.o

.text_app_data  0x20003000      0x450 load address 0x000288e8
                0x20003000                __data_start__ = .
 *(vtable)
 *(.data*)
 .data.bg_gattdb_data_attribute_field_6_data
                0x20003000        0xd ./gatt_db.o
                0x20003000                bg_gattdb_data_attribute_field_6_data
 *fill*         0x2000300d        0x3 
 .data.auxHfrcoFreq
                0x20003010        0x4 ./emlib/em_cmu.o
 .data.ontime   0x20003014        0x4 ./src/ADC.o
                0x20003014                ontime
 .data.impure_data
                0x20003018      0x428 d:/siliconlabs/simplicitystudio/v4/developer/toolchains/gnu_arm/4.9_2015q3/bin/../lib/gcc/arm-none-eabi/4.9.3/../../../../arm-none-eabi/lib/armv7e-m/fpu\libc.a(lib_a-impure.o)
                0x20003440                . = ALIGN (0x4)
 *(.ram)
                0x20003440                . = ALIGN (0x4)
                0x20003440                PROVIDE (__preinit_array_start, .)
 *(.preinit_array)
                0x20003440                PROVIDE (__preinit_array_end, .)
                0x20003440                . = ALIGN (0x4)
                0x20003440                PROVIDE (__init_array_start, .)
 *(SORT(.init_array.*))
 .init_array.00000
                0x20003440        0x4 d:/siliconlabs/simplicitystudio/v4/developer/toolchains/gnu_arm/4.9_2015q3/bin/../lib/gcc/arm-none-eabi/4.9.3/../../../../arm-none-eabi/lib/armv7e-m/fpu\libc.a(lib_a-__call_atexit.o)
 *(.init_array)
 .init_array    0x20003444        0x4 d:/siliconlabs/simplicitystudio/v4/developer/toolchains/gnu_arm/4.9_2015q3/bin/../lib/gcc/arm-none-eabi/4.9.3/armv7e-m/fpu/crtbegin.o
                0x20003448                PROVIDE (__init_array_end, .)
                0x20003448                . = ALIGN (0x4)
                0x20003448                PROVIDE (__fini_array_start, .)
 *(SORT(.fini_array.*))
 *(.fini_array)
 .fini_array    0x20003448        0x4 d:/siliconlabs/simplicitystudio/v4/developer/toolchains/gnu_arm/4.9_2015q3/bin/../lib/gcc/arm-none-eabi/4.9.3/armv7e-m/fpu/crtbegin.o
                0x2000344c                PROVIDE (__fini_array_end, .)
 *(.jcr*)
 .jcr           0x2000344c        0x0 d:/siliconlabs/simplicitystudio/v4/developer/toolchains/gnu_arm/4.9_2015q3/bin/../lib/gcc/arm-none-eabi/4.9.3/armv7e-m/fpu/crtbegin.o
 .jcr           0x2000344c        0x4 d:/siliconlabs/simplicitystudio/v4/developer/toolchains/gnu_arm/4.9_2015q3/bin/../lib/gcc/arm-none-eabi/4.9.3/armv7e-m/fpu/crtend.o
                0x20003450                . = ALIGN (0x4)
                0x20003450                __data_end__ = .

.bss            0x20003450     0x1ad8 load address 0x00028d38
                0x20003450                . = ALIGN (0x4)
                0x20003450                __bss_start__ = .
 *(.bss*)
 .bss           0x20003450       0x1c d:/siliconlabs/simplicitystudio/v4/developer/toolchains/gnu_arm/4.9_2015q3/bin/../lib/gcc/arm-none-eabi/4.9.3/armv7e-m/fpu/crtbegin.o
 .bss.bg_gattdb_data_attribute_field_2_data
                0x2000346c        0x4 ./gatt_db.o
                0x2000346c                bg_gattdb_data_attribute_field_2_data
 .bss.sleep_block_counter
                0x20003470       0x14 ./main.o
                0x20003470                sleep_block_counter
 .bss.chTable   0x20003484       0xa0 ./bgapi/dmadrv.o
 .bss.dmaXfer   0x20003524      0x100 ./bgapi/dmadrv.o
 .bss           0x20003624        0x4 D:/SiliconLabs/SimplicityStudio/v4/developer/sdks/gecko_sdk_suite/v1.1//protocol/bluetooth_2.4/lib/EFR32BG1B/GCC/bgapi.a(bgapi_hardware.c.obj)
 .bss           0x20003628        0x4 D:/SiliconLabs/SimplicityStudio/v4/developer/sdks/gecko_sdk_suite/v1.1//protocol/bluetooth_2.4/lib/EFR32BG1B/GCC/bgapi.a(bgapi_test_lib.c.obj)
 .bss           0x2000362c        0x2 D:/SiliconLabs/SimplicityStudio/v4/developer/sdks/gecko_sdk_suite/v1.1//protocol/bluetooth_2.4/lib/EFR32BG1B/GCC/bgapi.a(bgapi_gap.c.obj)
                0x2000362c                legacy_maxadv_events
 *fill*         0x2000362e        0x2 
 .bss           0x20003630        0x4 D:/SiliconLabs/SimplicityStudio/v4/developer/sdks/gecko_sdk_suite/v1.1//protocol/bluetooth_2.4/lib/EFR32BG1B/GCC/bgapi.a(bgapi_ps.c.obj)
 .bss           0x20003634        0x4 D:/SiliconLabs/SimplicityStudio/v4/developer/sdks/gecko_sdk_suite/v1.1//protocol/bluetooth_2.4/lib/EFR32BG1B/GCC/bgapi.a(bgapi_sm.c.obj)
 .bss           0x20003638        0x4 D:/SiliconLabs/SimplicityStudio/v4/developer/sdks/gecko_sdk_suite/v1.1//protocol/bluetooth_2.4/lib/EFR32BG1B/GCC/bgapi.a(bgapi_system.c.obj)
 *(COMMON)
 COMMON         0x2000363c     0x18d4 ./main.o
                0x2000363c                Prev_dir
                0x20003640                bluetooth_stack_heap
 COMMON         0x20004f10        0x4 ./src/ADC.o
                0x20004f10                comp1
 COMMON         0x20004f14       0x10 ./src/cmu.o
                0x20004f14                ON_period
                0x20004f18                Prescaler
                0x20004f1c                CurrentFrequency
                0x20004f20                TOTAL_period
 COMMON         0x20004f24        0x4 D:/SiliconLabs/SimplicityStudio/v4/developer/sdks/gecko_sdk_suite/v1.1//protocol/bluetooth_2.4/lib/EFR32BG1B/GCC/bgapi.a(bgapi_test_lib.c.obj)
                0x20004f24                msg_sender
                0x20004f28                . = ALIGN (0x4)
                0x20004f28                __bss_end__ = .

.heap           0x20004f28      0xc00
                0x20004f28                __HeapBase = .
                0x20004f28                __end__ = .
                0x20004f28                end = __end__
                0x20004f28                _end = __end__
 *(.heap*)
 .heap          0x20004f28      0xc00 ./device/EFR32_B_1_1_B/gcc/startup_efr32bg1b.o
                0x20005b28                __HeapLimit = .

.stack_dummy    0x20005b28      0x400
 *(.stack*)
 .stack         0x20005b28      0x400 ./device/EFR32_B_1_1_B/gcc/startup_efr32bg1b.o
                0x20007bfc                __StackTop = (ORIGIN (RAM) + 0x4bfc)
                0x200077fc                __StackLimit = (__StackTop - SIZEOF (.stack_dummy))
                0x20007bfc                PROVIDE (__stack, __StackTop)
                0x00000001                ASSERT ((__StackLimit >= __HeapLimit), region RAM overflowed with stack)
OUTPUT(LED_Blinking_Rohith_ADC0.axf elf32-littlearm)

.ARM.attributes
                0x00000000       0x30
 .ARM.attributes
                0x00000000       0x22 d:/siliconlabs/simplicitystudio/v4/developer/toolchains/gnu_arm/4.9_2015q3/bin/../lib/gcc/arm-none-eabi/4.9.3/armv7e-m/fpu/crti.o
 .ARM.attributes
                0x00000022       0x34 d:/siliconlabs/simplicitystudio/v4/developer/toolchains/gnu_arm/4.9_2015q3/bin/../lib/gcc/arm-none-eabi/4.9.3/armv7e-m/fpu/crtbegin.o
 .ARM.attributes
                0x00000056       0x20 d:/siliconlabs/simplicitystudio/v4/developer/toolchains/gnu_arm/4.9_2015q3/bin/../lib/gcc/arm-none-eabi/4.9.3/../../../../arm-none-eabi/lib/armv7e-m/fpu/crt0.o
 .ARM.attributes
                0x00000076       0x39 ./application_properties.o
 .ARM.attributes
                0x000000af       0x39 ./gatt_db.o
 .ARM.attributes
                0x000000e8       0x39 ./main.o
 .ARM.attributes
                0x00000121       0x39 ./bgapi/dmadrv.o
 .ARM.attributes
                0x0000015a       0x39 ./bgapi/em_adc.o
 .ARM.attributes
                0x00000193       0x39 ./device/EFR32_B_1_1_B/gcc/startup_efr32bg1b.o
 .ARM.attributes
                0x000001cc       0x39 ./emlib/em_cmu.o
 .ARM.attributes
                0x00000205       0x39 ./emlib/em_gpio.o
 .ARM.attributes
                0x0000023e       0x39 ./emlib/em_letimer.o
 .ARM.attributes
                0x00000277       0x39 ./emlib/em_rtcc.o
 .ARM.attributes
                0x000002b0       0x39 ./emlib/em_system.o
 .ARM.attributes
                0x000002e9       0x39 ./emlib/em_usart.o
 .ARM.attributes
                0x00000322       0x39 ./kit_flashpwr/BRD4302A/mx25flash_spi.o
 .ARM.attributes
                0x0000035b       0x39 ./src/ADC.o
 .ARM.attributes
                0x00000394       0x39 ./src/InitDevice.o
 .ARM.attributes
                0x000003cd       0x39 ./src/cmu.o
 .ARM.attributes
                0x00000406       0x39 ./src/gpio.o
 .ARM.attributes
                0x0000043f       0x39 ./src/letimer.o
 .ARM.attributes
                0x00000478       0x39 ./src/sleep.o
 .ARM.attributes
                0x000004b1       0x1c D:/SiliconLabs/SimplicityStudio/v4/developer/sdks/gecko_sdk_suite/v1.1//protocol/bluetooth_2.4/lib/EFR32BG1B/EABI/binstack.o
 .ARM.attributes
                0x000004cd       0x1c D:/SiliconLabs/SimplicityStudio/v4/developer/sdks/gecko_sdk_suite/v1.1//protocol/bluetooth_2.4/lib/EFR32BG1B/EABI/binbootloader.o
 .ARM.attributes
                0x000004e9       0x39 D:/SiliconLabs/SimplicityStudio/v4/developer/sdks/gecko_sdk_suite/v1.1//protocol/bluetooth_2.4/lib/EFR32BG1B/GCC/bgapi.a(gecko_bgapi_hardware.c.obj)
 .ARM.attributes
                0x00000522       0x39 D:/SiliconLabs/SimplicityStudio/v4/developer/sdks/gecko_sdk_suite/v1.1//protocol/bluetooth_2.4/lib/EFR32BG1B/GCC/bgapi.a(gecko_bgapi_test.c.obj)
 .ARM.attributes
                0x0000055b       0x39 D:/SiliconLabs/SimplicityStudio/v4/developer/sdks/gecko_sdk_suite/v1.1//protocol/bluetooth_2.4/lib/EFR32BG1B/GCC/bgapi.a(gecko_bgapi_dfu.c.obj)
 .ARM.attributes
                0x00000594       0x39 D:/SiliconLabs/SimplicityStudio/v4/developer/sdks/gecko_sdk_suite/v1.1//protocol/bluetooth_2.4/lib/EFR32BG1B/GCC/bgapi.a(gecko_bgapi_gap.c.obj)
 .ARM.attributes
                0x000005cd       0x39 D:/SiliconLabs/SimplicityStudio/v4/developer/sdks/gecko_sdk_suite/v1.1//protocol/bluetooth_2.4/lib/EFR32BG1B/GCC/bgapi.a(gecko_bgapi_gatt.c.obj)
 .ARM.attributes
                0x00000606       0x39 D:/SiliconLabs/SimplicityStudio/v4/developer/sdks/gecko_sdk_suite/v1.1//protocol/bluetooth_2.4/lib/EFR32BG1B/GCC/bgapi.a(gecko_bgapi_gatt_server.c.obj)
 .ARM.attributes
                0x0000063f       0x39 D:/SiliconLabs/SimplicityStudio/v4/developer/sdks/gecko_sdk_suite/v1.1//protocol/bluetooth_2.4/lib/EFR32BG1B/GCC/bgapi.a(gecko_bgapi_flash.c.obj)
 .ARM.attributes
                0x00000678       0x39 D:/SiliconLabs/SimplicityStudio/v4/developer/sdks/gecko_sdk_suite/v1.1//protocol/bluetooth_2.4/lib/EFR32BG1B/GCC/bgapi.a(gecko_bgapi_sm.c.obj)
 .ARM.attributes
                0x000006b1       0x39 D:/SiliconLabs/SimplicityStudio/v4/developer/sdks/gecko_sdk_suite/v1.1//protocol/bluetooth_2.4/lib/EFR32BG1B/GCC/bgapi.a(gecko_bgapi_system.c.obj)
 .ARM.attributes
                0x000006ea       0x39 D:/SiliconLabs/SimplicityStudio/v4/developer/sdks/gecko_sdk_suite/v1.1//protocol/bluetooth_2.4/lib/EFR32BG1B/GCC/bgapi.a(gecko_bgapi_endpoint.c.obj)
 .ARM.attributes
                0x00000723       0x39 D:/SiliconLabs/SimplicityStudio/v4/developer/sdks/gecko_sdk_suite/v1.1//protocol/bluetooth_2.4/lib/EFR32BG1B/GCC/bgapi.a(gecko_bgapi_le_connection.c.obj)
 .ARM.attributes
                0x0000075c       0x39 D:/SiliconLabs/SimplicityStudio/v4/developer/sdks/gecko_sdk_suite/v1.1//protocol/bluetooth_2.4/lib/EFR32BG1B/GCC/bgapi.a(bgapi_hardware.c.obj)
 .ARM.attributes
                0x00000795       0x39 D:/SiliconLabs/SimplicityStudio/v4/developer/sdks/gecko_sdk_suite/v1.1//protocol/bluetooth_2.4/lib/EFR32BG1B/GCC/bgapi.a(bgapi_test_lib.c.obj)
 .ARM.attributes
                0x000007ce       0x39 D:/SiliconLabs/SimplicityStudio/v4/developer/sdks/gecko_sdk_suite/v1.1//protocol/bluetooth_2.4/lib/EFR32BG1B/GCC/bgapi.a(bgapi_dfu.c.obj)
 .ARM.attributes
                0x00000807       0x39 D:/SiliconLabs/SimplicityStudio/v4/developer/sdks/gecko_sdk_suite/v1.1//protocol/bluetooth_2.4/lib/EFR32BG1B/GCC/bgapi.a(bgapi_gap.c.obj)
 .ARM.attributes
                0x00000840       0x39 D:/SiliconLabs/SimplicityStudio/v4/developer/sdks/gecko_sdk_suite/v1.1//protocol/bluetooth_2.4/lib/EFR32BG1B/GCC/bgapi.a(bgapi_gatt_lib.c.obj)
 .ARM.attributes
                0x00000879       0x39 D:/SiliconLabs/SimplicityStudio/v4/developer/sdks/gecko_sdk_suite/v1.1//protocol/bluetooth_2.4/lib/EFR32BG1B/GCC/bgapi.a(bgapi_ps.c.obj)
 .ARM.attributes
                0x000008b2       0x39 D:/SiliconLabs/SimplicityStudio/v4/developer/sdks/gecko_sdk_suite/v1.1//protocol/bluetooth_2.4/lib/EFR32BG1B/GCC/bgapi.a(bgapi_sm.c.obj)
 .ARM.attributes
                0x000008eb       0x39 D:/SiliconLabs/SimplicityStudio/v4/developer/sdks/gecko_sdk_suite/v1.1//protocol/bluetooth_2.4/lib/EFR32BG1B/GCC/bgapi.a(bgapi_system.c.obj)
 .ARM.attributes
                0x00000924       0x39 D:/SiliconLabs/SimplicityStudio/v4/developer/sdks/gecko_sdk_suite/v1.1//protocol/bluetooth_2.4/lib/EFR32BG1B/GCC/bgapi.a(bgapi_endpoint.c.obj)
 .ARM.attributes
                0x0000095d       0x39 D:/SiliconLabs/SimplicityStudio/v4/developer/sdks/gecko_sdk_suite/v1.1//protocol/bluetooth_2.4/lib/EFR32BG1B/GCC/bgapi.a(bgapi_le_connection.c.obj)
 .ARM.attributes
                0x00000996       0x39 D:/SiliconLabs/SimplicityStudio/v4/developer/sdks/gecko_sdk_suite/v1.1//protocol/bluetooth_2.4/lib/EFR32BG1B/GCC/bgapi.a(gatt_client.c.obj)
 .ARM.attributes
                0x000009cf       0x39 D:/SiliconLabs/SimplicityStudio/v4/developer/sdks/gecko_sdk_suite/v1.1//protocol/bluetooth_2.4/lib/EFR32BG1B/GCC/bgapi.a(ubt_gatt_client.c.obj)
 .ARM.attributes
                0x00000a08       0x39 D:/SiliconLabs/SimplicityStudio/v4/developer/sdks/gecko_sdk_suite/v1.1//protocol/bluetooth_2.4/lib/EFR32BG1B/GCC/bgapi.a(att_client.c.obj)
 .ARM.attributes
                0x00000a41       0x22 d:/siliconlabs/simplicitystudio/v4/developer/toolchains/gnu_arm/4.9_2015q3/bin/../lib/gcc/arm-none-eabi/4.9.3/armv7e-m/fpu\libgcc.a(_arm_addsubdf3.o)
 .ARM.attributes
                0x00000a63       0x22 d:/siliconlabs/simplicitystudio/v4/developer/toolchains/gnu_arm/4.9_2015q3/bin/../lib/gcc/arm-none-eabi/4.9.3/armv7e-m/fpu\libgcc.a(_arm_muldivdf3.o)
 .ARM.attributes
                0x00000a85       0x22 d:/siliconlabs/simplicitystudio/v4/developer/toolchains/gnu_arm/4.9_2015q3/bin/../lib/gcc/arm-none-eabi/4.9.3/armv7e-m/fpu\libgcc.a(_arm_cmpdf2.o)
 .ARM.attributes
                0x00000aa7       0x22 d:/siliconlabs/simplicitystudio/v4/developer/toolchains/gnu_arm/4.9_2015q3/bin/../lib/gcc/arm-none-eabi/4.9.3/armv7e-m/fpu\libgcc.a(_arm_fixdfsi.o)
 .ARM.attributes
                0x00000ac9       0x34 d:/siliconlabs/simplicitystudio/v4/developer/toolchains/gnu_arm/4.9_2015q3/bin/../lib/gcc/arm-none-eabi/4.9.3/../../../../arm-none-eabi/lib/armv7e-m/fpu\libc.a(lib_a-exit.o)
 .ARM.attributes
                0x00000afd       0x34 d:/siliconlabs/simplicitystudio/v4/developer/toolchains/gnu_arm/4.9_2015q3/bin/../lib/gcc/arm-none-eabi/4.9.3/../../../../arm-none-eabi/lib/armv7e-m/fpu\libc.a(lib_a-impure.o)
 .ARM.attributes
                0x00000b31       0x34 d:/siliconlabs/simplicitystudio/v4/developer/toolchains/gnu_arm/4.9_2015q3/bin/../lib/gcc/arm-none-eabi/4.9.3/../../../../arm-none-eabi/lib/armv7e-m/fpu\libc.a(lib_a-init.o)
 .ARM.attributes
                0x00000b65       0x34 d:/siliconlabs/simplicitystudio/v4/developer/toolchains/gnu_arm/4.9_2015q3/bin/../lib/gcc/arm-none-eabi/4.9.3/../../../../arm-none-eabi/lib/armv7e-m/fpu\libc.a(lib_a-memcmp.o)
 .ARM.attributes
                0x00000b99       0x20 d:/siliconlabs/simplicitystudio/v4/developer/toolchains/gnu_arm/4.9_2015q3/bin/../lib/gcc/arm-none-eabi/4.9.3/../../../../arm-none-eabi/lib/armv7e-m/fpu\libc.a(lib_a-memcpy.o)
 .ARM.attributes
                0x00000bb9       0x34 d:/siliconlabs/simplicitystudio/v4/developer/toolchains/gnu_arm/4.9_2015q3/bin/../lib/gcc/arm-none-eabi/4.9.3/../../../../arm-none-eabi/lib/armv7e-m/fpu\libc.a(lib_a-memset.o)
 .ARM.attributes
                0x00000bed       0x34 d:/siliconlabs/simplicitystudio/v4/developer/toolchains/gnu_arm/4.9_2015q3/bin/../lib/gcc/arm-none-eabi/4.9.3/../../../../arm-none-eabi/lib/armv7e-m/fpu\libc.a(lib_a-__call_atexit.o)
 .ARM.attributes
                0x00000c21       0x34 d:/siliconlabs/simplicitystudio/v4/developer/toolchains/gnu_arm/4.9_2015q3/bin/../lib/gcc/arm-none-eabi/4.9.3/../../../../arm-none-eabi/lib/armv7e-m/fpu\libc.a(lib_a-atexit.o)
 .ARM.attributes
                0x00000c55       0x34 d:/siliconlabs/simplicitystudio/v4/developer/toolchains/gnu_arm/4.9_2015q3/bin/../lib/gcc/arm-none-eabi/4.9.3/../../../../arm-none-eabi/lib/armv7e-m/fpu\libc.a(lib_a-fini.o)
 .ARM.attributes
                0x00000c89       0x34 d:/siliconlabs/simplicitystudio/v4/developer/toolchains/gnu_arm/4.9_2015q3/bin/../lib/gcc/arm-none-eabi/4.9.3/../../../../arm-none-eabi/lib/armv7e-m/fpu\libc.a(lib_a-__atexit.o)
 .ARM.attributes
                0x00000cbd       0x34 d:/siliconlabs/simplicitystudio/v4/developer/toolchains/gnu_arm/4.9_2015q3/bin/../lib/gcc/arm-none-eabi/4.9.3/../../../../arm-none-eabi/lib/armv7e-m/fpu\libnosys.a(_exit.o)
 .ARM.attributes
                0x00000cf1       0x34 d:/siliconlabs/simplicitystudio/v4/developer/toolchains/gnu_arm/4.9_2015q3/bin/../lib/gcc/arm-none-eabi/4.9.3/armv7e-m/fpu/crtend.o
 .ARM.attributes
                0x00000d25       0x22 d:/siliconlabs/simplicitystudio/v4/developer/toolchains/gnu_arm/4.9_2015q3/bin/../lib/gcc/arm-none-eabi/4.9.3/armv7e-m/fpu/crtn.o

.comment        0x00000000       0xde
 .comment       0x00000000       0x70 ./application_properties.o
                                 0x71 (size before relaxing)
 .comment       0x00000000       0x71 ./gatt_db.o
 .comment       0x00000000       0x71 ./main.o
 .comment       0x00000000       0x71 ./bgapi/dmadrv.o
 .comment       0x00000000       0x71 ./bgapi/em_adc.o
 .comment       0x00000000       0x71 ./device/EFR32_B_1_1_B/gcc/startup_efr32bg1b.o
 .comment       0x00000000       0x71 ./emlib/em_cmu.o
 .comment       0x00000000       0x71 ./emlib/em_gpio.o
 .comment       0x00000000       0x71 ./emlib/em_letimer.o
 .comment       0x00000000       0x71 ./emlib/em_rtcc.o
 .comment       0x00000000       0x71 ./emlib/em_system.o
 .comment       0x00000000       0x71 ./emlib/em_usart.o
 .comment       0x00000000       0x71 ./kit_flashpwr/BRD4302A/mx25flash_spi.o
 .comment       0x00000000       0x71 ./src/ADC.o
 .comment       0x00000000       0x71 ./src/InitDevice.o
 .comment       0x00000000       0x71 ./src/cmu.o
 .comment       0x00000000       0x71 ./src/gpio.o
 .comment       0x00000000       0x71 ./src/letimer.o
 .comment       0x00000000       0x71 ./src/sleep.o
 .comment       0x00000070       0x6e D:/SiliconLabs/SimplicityStudio/v4/developer/sdks/gecko_sdk_suite/v1.1//protocol/bluetooth_2.4/lib/EFR32BG1B/GCC/bgapi.a(gecko_bgapi_hardware.c.obj)
                                 0x6f (size before relaxing)
 .comment       0x00000000       0x6f D:/SiliconLabs/SimplicityStudio/v4/developer/sdks/gecko_sdk_suite/v1.1//protocol/bluetooth_2.4/lib/EFR32BG1B/GCC/bgapi.a(gecko_bgapi_test.c.obj)
 .comment       0x00000000       0x6f D:/SiliconLabs/SimplicityStudio/v4/developer/sdks/gecko_sdk_suite/v1.1//protocol/bluetooth_2.4/lib/EFR32BG1B/GCC/bgapi.a(gecko_bgapi_dfu.c.obj)
 .comment       0x00000000       0x6f D:/SiliconLabs/SimplicityStudio/v4/developer/sdks/gecko_sdk_suite/v1.1//protocol/bluetooth_2.4/lib/EFR32BG1B/GCC/bgapi.a(gecko_bgapi_gap.c.obj)
 .comment       0x00000000       0x6f D:/SiliconLabs/SimplicityStudio/v4/developer/sdks/gecko_sdk_suite/v1.1//protocol/bluetooth_2.4/lib/EFR32BG1B/GCC/bgapi.a(gecko_bgapi_gatt.c.obj)
 .comment       0x00000000       0x6f D:/SiliconLabs/SimplicityStudio/v4/developer/sdks/gecko_sdk_suite/v1.1//protocol/bluetooth_2.4/lib/EFR32BG1B/GCC/bgapi.a(gecko_bgapi_gatt_server.c.obj)
 .comment       0x00000000       0x6f D:/SiliconLabs/SimplicityStudio/v4/developer/sdks/gecko_sdk_suite/v1.1//protocol/bluetooth_2.4/lib/EFR32BG1B/GCC/bgapi.a(gecko_bgapi_flash.c.obj)
 .comment       0x00000000       0x6f D:/SiliconLabs/SimplicityStudio/v4/developer/sdks/gecko_sdk_suite/v1.1//protocol/bluetooth_2.4/lib/EFR32BG1B/GCC/bgapi.a(gecko_bgapi_sm.c.obj)
 .comment       0x00000000       0x6f D:/SiliconLabs/SimplicityStudio/v4/developer/sdks/gecko_sdk_suite/v1.1//protocol/bluetooth_2.4/lib/EFR32BG1B/GCC/bgapi.a(gecko_bgapi_system.c.obj)
 .comment       0x00000000       0x6f D:/SiliconLabs/SimplicityStudio/v4/developer/sdks/gecko_sdk_suite/v1.1//protocol/bluetooth_2.4/lib/EFR32BG1B/GCC/bgapi.a(gecko_bgapi_endpoint.c.obj)
 .comment       0x00000000       0x6f D:/SiliconLabs/SimplicityStudio/v4/developer/sdks/gecko_sdk_suite/v1.1//protocol/bluetooth_2.4/lib/EFR32BG1B/GCC/bgapi.a(gecko_bgapi_le_connection.c.obj)
 .comment       0x00000000       0x6f D:/SiliconLabs/SimplicityStudio/v4/developer/sdks/gecko_sdk_suite/v1.1//protocol/bluetooth_2.4/lib/EFR32BG1B/GCC/bgapi.a(bgapi_hardware.c.obj)
 .comment       0x00000000       0x6f D:/SiliconLabs/SimplicityStudio/v4/developer/sdks/gecko_sdk_suite/v1.1//protocol/bluetooth_2.4/lib/EFR32BG1B/GCC/bgapi.a(bgapi_test_lib.c.obj)
 .comment       0x00000000       0x6f D:/SiliconLabs/SimplicityStudio/v4/developer/sdks/gecko_sdk_suite/v1.1//protocol/bluetooth_2.4/lib/EFR32BG1B/GCC/bgapi.a(bgapi_dfu.c.obj)
 .comment       0x00000000       0x6f D:/SiliconLabs/SimplicityStudio/v4/developer/sdks/gecko_sdk_suite/v1.1//protocol/bluetooth_2.4/lib/EFR32BG1B/GCC/bgapi.a(bgapi_gap.c.obj)
 .comment       0x00000000       0x6f D:/SiliconLabs/SimplicityStudio/v4/developer/sdks/gecko_sdk_suite/v1.1//protocol/bluetooth_2.4/lib/EFR32BG1B/GCC/bgapi.a(bgapi_gatt_lib.c.obj)
 .comment       0x00000000       0x6f D:/SiliconLabs/SimplicityStudio/v4/developer/sdks/gecko_sdk_suite/v1.1//protocol/bluetooth_2.4/lib/EFR32BG1B/GCC/bgapi.a(bgapi_ps.c.obj)
 .comment       0x00000000       0x6f D:/SiliconLabs/SimplicityStudio/v4/developer/sdks/gecko_sdk_suite/v1.1//protocol/bluetooth_2.4/lib/EFR32BG1B/GCC/bgapi.a(bgapi_sm.c.obj)
 .comment       0x00000000       0x6f D:/SiliconLabs/SimplicityStudio/v4/developer/sdks/gecko_sdk_suite/v1.1//protocol/bluetooth_2.4/lib/EFR32BG1B/GCC/bgapi.a(bgapi_system.c.obj)
 .comment       0x00000000       0x6f D:/SiliconLabs/SimplicityStudio/v4/developer/sdks/gecko_sdk_suite/v1.1//protocol/bluetooth_2.4/lib/EFR32BG1B/GCC/bgapi.a(bgapi_endpoint.c.obj)
 .comment       0x00000000       0x6f D:/SiliconLabs/SimplicityStudio/v4/developer/sdks/gecko_sdk_suite/v1.1//protocol/bluetooth_2.4/lib/EFR32BG1B/GCC/bgapi.a(bgapi_le_connection.c.obj)
 .comment       0x00000000       0x6f D:/SiliconLabs/SimplicityStudio/v4/developer/sdks/gecko_sdk_suite/v1.1//protocol/bluetooth_2.4/lib/EFR32BG1B/GCC/bgapi.a(gatt_client.c.obj)
 .comment       0x00000000       0x6f D:/SiliconLabs/SimplicityStudio/v4/developer/sdks/gecko_sdk_suite/v1.1//protocol/bluetooth_2.4/lib/EFR32BG1B/GCC/bgapi.a(ubt_gatt_client.c.obj)
 .comment       0x00000000       0x6f D:/SiliconLabs/SimplicityStudio/v4/developer/sdks/gecko_sdk_suite/v1.1//protocol/bluetooth_2.4/lib/EFR32BG1B/GCC/bgapi.a(att_client.c.obj)

.debug_info     0x00000000    0x11d04
 .debug_info    0x00000000      0x168 ./application_properties.o
 .debug_info    0x00000168      0x58e ./gatt_db.o
 .debug_info    0x000006f6     0x424a ./main.o
 .debug_info    0x00004940     0x13f4 ./bgapi/dmadrv.o
 .debug_info    0x00005d34     0x1a66 ./bgapi/em_adc.o
 .debug_info    0x0000779a      0x1b4 ./device/EFR32_B_1_1_B/gcc/startup_efr32bg1b.o
 .debug_info    0x0000794e     0x1b9c ./emlib/em_cmu.o
 .debug_info    0x000094ea      0xa05 ./emlib/em_gpio.o
 .debug_info    0x00009eef      0x507 ./emlib/em_letimer.o
 .debug_info    0x0000a3f6      0x6b8 ./emlib/em_rtcc.o
 .debug_info    0x0000aaae      0x276 ./emlib/em_system.o
 .debug_info    0x0000ad24      0xf55 ./emlib/em_usart.o
 .debug_info    0x0000bc79     0x15b7 ./kit_flashpwr/BRD4302A/mx25flash_spi.o
 .debug_info    0x0000d230     0x195b ./src/ADC.o
 .debug_info    0x0000eb8b     0x185d ./src/InitDevice.o
 .debug_info    0x000103e8      0x7de ./src/cmu.o
 .debug_info    0x00010bc6      0x3c9 ./src/gpio.o
 .debug_info    0x00010f8f      0x9f7 ./src/letimer.o
 .debug_info    0x00011986      0x37e ./src/sleep.o

.debug_abbrev   0x00000000     0x1ec5
 .debug_abbrev  0x00000000       0x97 ./application_properties.o
 .debug_abbrev  0x00000097       0xbd ./gatt_db.o
 .debug_abbrev  0x00000154      0x1de ./main.o
 .debug_abbrev  0x00000332      0x25f ./bgapi/dmadrv.o
 .debug_abbrev  0x00000591      0x223 ./bgapi/em_adc.o
 .debug_abbrev  0x000007b4       0xdb ./device/EFR32_B_1_1_B/gcc/startup_efr32bg1b.o
 .debug_abbrev  0x0000088f      0x2de ./emlib/em_cmu.o
 .debug_abbrev  0x00000b6d      0x1da ./emlib/em_gpio.o
 .debug_abbrev  0x00000d47      0x189 ./emlib/em_letimer.o
 .debug_abbrev  0x00000ed0      0x177 ./emlib/em_rtcc.o
 .debug_abbrev  0x00001047      0x109 ./emlib/em_system.o
 .debug_abbrev  0x00001150      0x1d9 ./emlib/em_usart.o
 .debug_abbrev  0x00001329      0x29a ./kit_flashpwr/BRD4302A/mx25flash_spi.o
 .debug_abbrev  0x000015c3      0x23c ./src/ADC.o
 .debug_abbrev  0x000017ff      0x1dd ./src/InitDevice.o
 .debug_abbrev  0x000019dc       0xe1 ./src/cmu.o
 .debug_abbrev  0x00001abd       0xd0 ./src/gpio.o
 .debug_abbrev  0x00001b8d      0x1f8 ./src/letimer.o
 .debug_abbrev  0x00001d85      0x140 ./src/sleep.o

.debug_aranges  0x00000000      0x980
 .debug_aranges
                0x00000000       0x18 ./application_properties.o
 .debug_aranges
                0x00000018       0x18 ./gatt_db.o
 .debug_aranges
                0x00000030       0x28 ./main.o
 .debug_aranges
                0x00000058       0xa0 ./bgapi/dmadrv.o
 .debug_aranges
                0x000000f8       0x98 ./bgapi/em_adc.o
 .debug_aranges
                0x00000190       0x28 ./device/EFR32_B_1_1_B/gcc/startup_efr32bg1b.o
 .debug_aranges
                0x000001b8      0x1a8 ./emlib/em_cmu.o
 .debug_aranges
                0x00000360       0x88 ./emlib/em_gpio.o
 .debug_aranges
                0x000003e8       0x50 ./emlib/em_letimer.o
 .debug_aranges
                0x00000438       0x50 ./emlib/em_rtcc.o
 .debug_aranges
                0x00000488       0x28 ./emlib/em_system.o
 .debug_aranges
                0x000004b0       0xb8 ./emlib/em_usart.o
 .debug_aranges
                0x00000568      0x1c0 ./kit_flashpwr/BRD4302A/mx25flash_spi.o
 .debug_aranges
                0x00000728       0x90 ./src/ADC.o
 .debug_aranges
                0x000007b8       0xe8 ./src/InitDevice.o
 .debug_aranges
                0x000008a0       0x20 ./src/cmu.o
 .debug_aranges
                0x000008c0       0x20 ./src/gpio.o
 .debug_aranges
                0x000008e0       0x68 ./src/letimer.o
 .debug_aranges
                0x00000948       0x38 ./src/sleep.o

.debug_line     0x00000000     0x50fc
 .debug_line    0x00000000      0x16d ./application_properties.o
 .debug_line    0x0000016d      0x169 ./gatt_db.o
 .debug_line    0x000002d6      0x505 ./main.o
 .debug_line    0x000007db      0x532 ./bgapi/dmadrv.o
 .debug_line    0x00000d0d      0x4b4 ./bgapi/em_adc.o
 .debug_line    0x000011c1      0x148 ./device/EFR32_B_1_1_B/gcc/startup_efr32bg1b.o
 .debug_line    0x00001309      0xac5 ./emlib/em_cmu.o
 .debug_line    0x00001dce      0x475 ./emlib/em_gpio.o
 .debug_line    0x00002243      0x325 ./emlib/em_letimer.o
 .debug_line    0x00002568      0x330 ./emlib/em_rtcc.o
 .debug_line    0x00002898      0x264 ./emlib/em_system.o
 .debug_line    0x00002afc      0x530 ./emlib/em_usart.o
 .debug_line    0x0000302c      0xa0f ./kit_flashpwr/BRD4302A/mx25flash_spi.o
 .debug_line    0x00003a3b      0x525 ./src/ADC.o
 .debug_line    0x00003f60      0x546 ./src/InitDevice.o
 .debug_line    0x000044a6      0x2a1 ./src/cmu.o
 .debug_line    0x00004747      0x2a5 ./src/gpio.o
 .debug_line    0x000049ec      0x458 ./src/letimer.o
 .debug_line    0x00004e44      0x2b8 ./src/sleep.o

.debug_str      0x00000000     0xbad0
 .debug_str     0x00000000      0x25c ./application_properties.o
                                0x2b3 (size before relaxing)
 .debug_str     0x0000025c      0x564 ./gatt_db.o
                                0x763 (size before relaxing)
 .debug_str     0x000007c0     0x4c2b ./main.o
                               0x513f (size before relaxing)
 .debug_str     0x000053eb      0xe4b ./bgapi/dmadrv.o
                               0x10c2 (size before relaxing)
 .debug_str     0x00006236     0x2604 ./bgapi/em_adc.o
                               0x2a76 (size before relaxing)
 .debug_str     0x0000883a       0x90 ./device/EFR32_B_1_1_B/gcc/startup_efr32bg1b.o
                                0x299 (size before relaxing)
 .debug_str     0x000088ca      0xcbe ./emlib/em_cmu.o
                               0x13e0 (size before relaxing)
 .debug_str     0x00009588      0x505 ./emlib/em_gpio.o
                                0x831 (size before relaxing)
 .debug_str     0x00009a8d      0x1e8 ./emlib/em_letimer.o
                                0x454 (size before relaxing)
 .debug_str     0x00009c75      0x578 ./emlib/em_rtcc.o
                                0x7f9 (size before relaxing)
 .debug_str     0x0000a1ed       0xd6 ./emlib/em_system.o
                                0x2fe (size before relaxing)
 .debug_str     0x0000a2c3      0x8f4 ./emlib/em_usart.o
                                0xdff (size before relaxing)
 .debug_str     0x0000abb7      0x3e6 ./kit_flashpwr/BRD4302A/mx25flash_spi.o
                                0xe9a (size before relaxing)
 .debug_str     0x0000af9d      0x2ff ./src/ADC.o
                               0x2966 (size before relaxing)
 .debug_str     0x0000b29c      0x683 ./src/InitDevice.o
                               0x162f (size before relaxing)
 .debug_str     0x0000b91f       0x20 ./src/cmu.o
                                0x9ac (size before relaxing)
 .debug_str     0x0000b93f       0x18 ./src/gpio.o
                                0x52e (size before relaxing)
 .debug_str     0x0000b957       0xd6 ./src/letimer.o
                                0x7fc (size before relaxing)
 .debug_str     0x0000ba2d       0xa3 ./src/sleep.o
                                0x334 (size before relaxing)

.debug_loc      0x00000000     0x4c80
 .debug_loc     0x00000000       0x7c ./main.o
 .debug_loc     0x0000007c      0x568 ./bgapi/dmadrv.o
 .debug_loc     0x000005e4      0x560 ./bgapi/em_adc.o
 .debug_loc     0x00000b44       0x64 ./device/EFR32_B_1_1_B/gcc/startup_efr32bg1b.o
 .debug_loc     0x00000ba8     0x1000 ./emlib/em_cmu.o
 .debug_loc     0x00001ba8      0x4b4 ./emlib/em_gpio.o
 .debug_loc     0x0000205c      0x284 ./emlib/em_letimer.o
 .debug_loc     0x000022e0      0x23c ./emlib/em_rtcc.o
 .debug_loc     0x0000251c       0xb8 ./emlib/em_system.o
 .debug_loc     0x000025d4      0x6d2 ./emlib/em_usart.o
 .debug_loc     0x00002ca6      0xeec ./kit_flashpwr/BRD4302A/mx25flash_spi.o
 .debug_loc     0x00003b92      0x504 ./src/ADC.o
 .debug_loc     0x00004096      0x71a ./src/InitDevice.o
 .debug_loc     0x000047b0       0x2c ./src/cmu.o
 .debug_loc     0x000047dc       0x2c ./src/gpio.o
 .debug_loc     0x00004808      0x368 ./src/letimer.o
 .debug_loc     0x00004b70      0x110 ./src/sleep.o

.debug_ranges   0x00000000      0x840
 .debug_ranges  0x00000000       0x18 ./main.o
 .debug_ranges  0x00000018       0x90 ./bgapi/dmadrv.o
 .debug_ranges  0x000000a8       0x88 ./bgapi/em_adc.o
 .debug_ranges  0x00000130       0x18 ./device/EFR32_B_1_1_B/gcc/startup_efr32bg1b.o
 .debug_ranges  0x00000148      0x198 ./emlib/em_cmu.o
 .debug_ranges  0x000002e0       0x78 ./emlib/em_gpio.o
 .debug_ranges  0x00000358       0x40 ./emlib/em_letimer.o
 .debug_ranges  0x00000398       0x40 ./emlib/em_rtcc.o
 .debug_ranges  0x000003d8       0x18 ./emlib/em_system.o
 .debug_ranges  0x000003f0       0xa8 ./emlib/em_usart.o
 .debug_ranges  0x00000498      0x1b0 ./kit_flashpwr/BRD4302A/mx25flash_spi.o
 .debug_ranges  0x00000648       0x80 ./src/ADC.o
 .debug_ranges  0x000006c8       0xd8 ./src/InitDevice.o
 .debug_ranges  0x000007a0       0x10 ./src/cmu.o
 .debug_ranges  0x000007b0       0x10 ./src/gpio.o
 .debug_ranges  0x000007c0       0x58 ./src/letimer.o
 .debug_ranges  0x00000818       0x28 ./src/sleep.o

.debug_frame    0x00000000     0x25e0
 .debug_frame   0x00000000       0x50 ./main.o
 .debug_frame   0x00000050      0x280 ./bgapi/dmadrv.o
 .debug_frame   0x000002d0      0x270 ./bgapi/em_adc.o
 .debug_frame   0x00000540       0x48 ./device/EFR32_B_1_1_B/gcc/startup_efr32bg1b.o
 .debug_frame   0x00000588      0x74c ./emlib/em_cmu.o
 .debug_frame   0x00000cd4      0x224 ./emlib/em_gpio.o
 .debug_frame   0x00000ef8      0x128 ./emlib/em_letimer.o
 .debug_frame   0x00001020      0x110 ./emlib/em_rtcc.o
 .debug_frame   0x00001130       0x60 ./emlib/em_system.o
 .debug_frame   0x00001190      0x310 ./emlib/em_usart.o
 .debug_frame   0x000014a0      0x74c ./kit_flashpwr/BRD4302A/mx25flash_spi.o
 .debug_frame   0x00001bec      0x250 ./src/ADC.o
 .debug_frame   0x00001e3c      0x370 ./src/InitDevice.o
 .debug_frame   0x000021ac       0x2c ./src/cmu.o
 .debug_frame   0x000021d8       0x2c ./src/gpio.o
 .debug_frame   0x00002204      0x190 ./src/letimer.o
 .debug_frame   0x00002394       0x94 ./src/sleep.o
 .debug_frame   0x00002428       0x28 d:/siliconlabs/simplicitystudio/v4/developer/toolchains/gnu_arm/4.9_2015q3/bin/../lib/gcc/arm-none-eabi/4.9.3/../../../../arm-none-eabi/lib/armv7e-m/fpu\libc.a(lib_a-exit.o)
 .debug_frame   0x00002450       0x2c d:/siliconlabs/simplicitystudio/v4/developer/toolchains/gnu_arm/4.9_2015q3/bin/../lib/gcc/arm-none-eabi/4.9.3/../../../../arm-none-eabi/lib/armv7e-m/fpu\libc.a(lib_a-init.o)
 .debug_frame   0x0000247c       0x38 d:/siliconlabs/simplicitystudio/v4/developer/toolchains/gnu_arm/4.9_2015q3/bin/../lib/gcc/arm-none-eabi/4.9.3/../../../../arm-none-eabi/lib/armv7e-m/fpu\libc.a(lib_a-memcmp.o)
 .debug_frame   0x000024b4       0x34 d:/siliconlabs/simplicitystudio/v4/developer/toolchains/gnu_arm/4.9_2015q3/bin/../lib/gcc/arm-none-eabi/4.9.3/../../../../arm-none-eabi/lib/armv7e-m/fpu\libc.a(lib_a-memset.o)
 .debug_frame   0x000024e8       0x50 d:/siliconlabs/simplicitystudio/v4/developer/toolchains/gnu_arm/4.9_2015q3/bin/../lib/gcc/arm-none-eabi/4.9.3/../../../../arm-none-eabi/lib/armv7e-m/fpu\libc.a(lib_a-__call_atexit.o)
 .debug_frame   0x00002538       0x20 d:/siliconlabs/simplicitystudio/v4/developer/toolchains/gnu_arm/4.9_2015q3/bin/../lib/gcc/arm-none-eabi/4.9.3/../../../../arm-none-eabi/lib/armv7e-m/fpu\libc.a(lib_a-atexit.o)
 .debug_frame   0x00002558       0x34 d:/siliconlabs/simplicitystudio/v4/developer/toolchains/gnu_arm/4.9_2015q3/bin/../lib/gcc/arm-none-eabi/4.9.3/../../../../arm-none-eabi/lib/armv7e-m/fpu\libc.a(lib_a-fini.o)
 .debug_frame   0x0000258c       0x34 d:/siliconlabs/simplicitystudio/v4/developer/toolchains/gnu_arm/4.9_2015q3/bin/../lib/gcc/arm-none-eabi/4.9.3/../../../../arm-none-eabi/lib/armv7e-m/fpu\libc.a(lib_a-__atexit.o)
 .debug_frame   0x000025c0       0x20 d:/siliconlabs/simplicitystudio/v4/developer/toolchains/gnu_arm/4.9_2015q3/bin/../lib/gcc/arm-none-eabi/4.9.3/../../../../arm-none-eabi/lib/armv7e-m/fpu\libnosys.a(_exit.o)
